<html>
<body>
<pre>
<h1>µVision Build Log</h1>
<h2>Tool Versions:</h2>
IDE-Version: ¦ÌVision V5.31.0.0
Copyright (C) 2020 ARM Ltd and ARM Germany GmbH. All rights reserved.
License Information: dd admin, dd, LIC=PE7DL-0FWKW-2Z1W4-FBZ7U-PL126-VPCQJ
 
Tool Versions:
Toolchain:       MDK-ARM Plus  Version: 5.31.0.0
Toolchain Path:  C:\Keil_v5\ARM\ARMCLANG\Bin
C Compiler:      ArmClang.exe V6.14
Assembler:       Armasm.exe V6.14
Linker/Locator:  ArmLink.exe V6.14
Library Manager: ArmAr.exe V6.14
Hex Converter:   FromElf.exe V6.14
CPU DLL:         SARMCM3.DLL V5.31.0.0
Dialog DLL:      DCM.DLL V1.17.3.0
Target DLL:      UL2CM3.DLL V1.163.4.0
Dialog DLL:      TCM.DLL V1.46.0.0
 
<h2>Project:</h2>
F:\WorkSrc\BSPs_PACKs\package_shell\AT32F435_437_Firmware_Library_V2.1.2\project\at_start_f437\examples\cortex_m4\cmsis_dsp\mdk_v5\cmsis_dsp.uvprojx
Project File Date:  02/17/2023

<h2>Output:</h2>
*** Using Compiler 'V6.14', folder: 'C:\Keil_v5\ARM\ARMCLANG\Bin'
Build target 'cmsis_dsp'
assembling startup_at32f435_437.s...
compiling at32f435_437_crm.c...
compiling system_at32f435_437.c...
compiling at32f435_437_gpio.c...
compiling at32f435_437_misc.c...
compiling at32f435_437_board.c...
compiling at32f435_437_usart.c...
compiling main.c...
compiling at32f435_437_clock.c...
compiling at32f435_437_int.c...
compiling BasicMathFunctions.c...
compiling BayesFunctions.c...
compiling ControllerFunctions.c...
compiling ComplexMathFunctions.c...
compiling DistanceFunctions.c...
compiling FastMathFunctions.c...
compiling SVMFunctions.c...
compiling StatisticsFunctions.c...
compiling MatrixFunctions.c...
compiling SupportFunctions.c...
compiling CommonTables.c...
compiling TransformFunctions.c...
compiling FilteringFunctions.c...
linking...
Program Size: Code=7976 RO-data=1092 RW-data=8 ZI-data=2064  
FromELF: creating hex file...
".\Objects\cmsis_dsp.axf" - 0 Error(s), 0 Warning(s).

<h2>Software Packages used:</h2>

Package Vendor: ArteryTek
                
                ArteryTek.AT32F435_437_DFP.2.0.1
                ArteryTek AT32F4 Series Device Support,Drivers

<h2>Collection of Component include folders:</h2>
  C:\Users\sheltonyu\AppData\Local\Arm\Packs\ArteryTek\AT32F435_437_DFP\2.0.1\Device\Include

<h2>Collection of Component Files used:</h2>
Build Time Elapsed:  00:00:06
</pre>
</body>
</html>
