Component: ARM Compiler 6.14 Tool: armlink [5db06800]

==============================================================================

Section Cross References

    main.o(.text) refers (Special) to _printf_f.o(.ARM.Collect$$_printf_percent$$00000003) for _printf_f
    main.o(.text) refers (Special) to printf1.o(x$fpl$printf1) for _printf_fp_dec
    main.o(.text) refers (Special) to _printf_percent.o(.ARM.Collect$$_printf_percent$$00000000) for _printf_percent
    main.o(.text.main) refers (Special) to _printf_f.o(.ARM.Collect$$_printf_percent$$00000003) for _printf_f
    main.o(.text.main) refers (Special) to printf1.o(x$fpl$printf1) for _printf_fp_dec
    main.o(.text.main) refers (Special) to _printf_percent.o(.ARM.Collect$$_printf_percent$$00000000) for _printf_percent
    main.o(.text.main) refers to at32f435_437_clock.o(.text.system_clock_config) for system_clock_config
    main.o(.text.main) refers to at32f435_437_board.o(.text.uart_print_init) for uart_print_init
    main.o(.text.main) refers to main.o(.rodata..L__const.main.srcA) for .L__const.main.srcA
    main.o(.text.main) refers to main.o(.rodata..L__const.main.srcB) for .L__const.main.srcB
    main.o(.text.main) refers to main.o(.rodata..L__const.main.dstC) for .L__const.main.dstC
    main.o(.text.main) refers to matrixfunctions.o(.text.arm_mat_mult_f32) for arm_mat_mult_f32
    main.o(.text.main) refers to main.o(.data.numStudents) for numStudents
    main.o(.text.main) refers to main.o(.bss.testOutput) for testOutput
    main.o(.text.main) refers to main.o(.bss.max_marks) for max_marks
    main.o(.text.main) refers to main.o(.bss.student_num) for student_num
    main.o(.text.main) refers to statisticsfunctions.o(.text.arm_max_f32) for arm_max_f32
    main.o(.text.main) refers to main.o(.bss.min_marks) for min_marks
    main.o(.text.main) refers to statisticsfunctions.o(.text.arm_min_f32) for arm_min_f32
    main.o(.text.main) refers to main.o(.bss.mean) for mean
    main.o(.text.main) refers to statisticsfunctions.o(.text.arm_mean_f32) for arm_mean_f32
    main.o(.text.main) refers to main.o(.bss.std) for std
    main.o(.text.main) refers to statisticsfunctions.o(.text.arm_std_f32) for arm_std_f32
    main.o(.text.main) refers to main.o(.bss.var) for var
    main.o(.text.main) refers to statisticsfunctions.o(.text.arm_var_f32) for arm_var_f32
    main.o(.text.main) refers to f2d.o(x$fpl$f2d) for __aeabi_f2d
    main.o(.text.main) refers to noretval__2printf.o(.text) for __2printf
    main.o(.ARM.exidx.text.main) refers (Special) to _printf_f.o(.ARM.Collect$$_printf_percent$$00000003) for _printf_f
    main.o(.ARM.exidx.text.main) refers (Special) to printf1.o(x$fpl$printf1) for _printf_fp_dec
    main.o(.ARM.exidx.text.main) refers (Special) to _printf_percent.o(.ARM.Collect$$_printf_percent$$00000000) for _printf_percent
    main.o(.ARM.exidx.text.main) refers to main.o(.text.main) for [Anonymous Symbol]
    main.o(.rodata.testMarks_f32) refers (Special) to _printf_f.o(.ARM.Collect$$_printf_percent$$00000003) for _printf_f
    main.o(.rodata.testMarks_f32) refers (Special) to printf1.o(x$fpl$printf1) for _printf_fp_dec
    main.o(.rodata.testMarks_f32) refers (Special) to _printf_percent.o(.ARM.Collect$$_printf_percent$$00000000) for _printf_percent
    main.o(.rodata.testUnity_f32) refers (Special) to _printf_f.o(.ARM.Collect$$_printf_percent$$00000003) for _printf_f
    main.o(.rodata.testUnity_f32) refers (Special) to printf1.o(x$fpl$printf1) for _printf_fp_dec
    main.o(.rodata.testUnity_f32) refers (Special) to _printf_percent.o(.ARM.Collect$$_printf_percent$$00000000) for _printf_percent
    main.o(.data.numStudents) refers (Special) to _printf_f.o(.ARM.Collect$$_printf_percent$$00000003) for _printf_f
    main.o(.data.numStudents) refers (Special) to printf1.o(x$fpl$printf1) for _printf_fp_dec
    main.o(.data.numStudents) refers (Special) to _printf_percent.o(.ARM.Collect$$_printf_percent$$00000000) for _printf_percent
    main.o(.data.numSubjects) refers (Special) to _printf_f.o(.ARM.Collect$$_printf_percent$$00000003) for _printf_f
    main.o(.data.numSubjects) refers (Special) to printf1.o(x$fpl$printf1) for _printf_fp_dec
    main.o(.data.numSubjects) refers (Special) to _printf_percent.o(.ARM.Collect$$_printf_percent$$00000000) for _printf_percent
    main.o(.rodata..L__const.main.srcA) refers (Special) to _printf_f.o(.ARM.Collect$$_printf_percent$$00000003) for _printf_f
    main.o(.rodata..L__const.main.srcA) refers (Special) to printf1.o(x$fpl$printf1) for _printf_fp_dec
    main.o(.rodata..L__const.main.srcA) refers (Special) to _printf_percent.o(.ARM.Collect$$_printf_percent$$00000000) for _printf_percent
    main.o(.rodata..L__const.main.srcA) refers to main.o(.rodata.testMarks_f32) for testMarks_f32
    main.o(.rodata..L__const.main.srcB) refers (Special) to _printf_f.o(.ARM.Collect$$_printf_percent$$00000003) for _printf_f
[...]
    Removing transformfunctions.o(.text.arm_rfft_32_fast_init_f32), (44 bytes).
    Removing transformfunctions.o(.ARM.exidx.text.arm_rfft_32_fast_init_f32), (8 bytes).
    Removing transformfunctions.o(.text.arm_rfft_fast_init_f64), (154 bytes).
    Removing transformfunctions.o(.ARM.exidx.text.arm_rfft_fast_init_f64), (8 bytes).
    Removing transformfunctions.o(.text.arm_rfft_4096_fast_init_f64), (62 bytes).
    Removing transformfunctions.o(.ARM.exidx.text.arm_rfft_4096_fast_init_f64), (8 bytes).
    Removing transformfunctions.o(.text.arm_rfft_2048_fast_init_f64), (62 bytes).
    Removing transformfunctions.o(.ARM.exidx.text.arm_rfft_2048_fast_init_f64), (8 bytes).
    Removing transformfunctions.o(.text.arm_rfft_1024_fast_init_f64), (62 bytes).
    Removing transformfunctions.o(.ARM.exidx.text.arm_rfft_1024_fast_init_f64), (8 bytes).
    Removing transformfunctions.o(.text.arm_rfft_512_fast_init_f64), (60 bytes).
    Removing transformfunctions.o(.ARM.exidx.text.arm_rfft_512_fast_init_f64), (8 bytes).
    Removing transformfunctions.o(.text.arm_rfft_256_fast_init_f64), (58 bytes).
    Removing transformfunctions.o(.ARM.exidx.text.arm_rfft_256_fast_init_f64), (8 bytes).
    Removing transformfunctions.o(.text.arm_rfft_128_fast_init_f64), (56 bytes).
    Removing transformfunctions.o(.ARM.exidx.text.arm_rfft_128_fast_init_f64), (8 bytes).
    Removing transformfunctions.o(.text.arm_rfft_64_fast_init_f64), (56 bytes).
    Removing transformfunctions.o(.ARM.exidx.text.arm_rfft_64_fast_init_f64), (8 bytes).
    Removing transformfunctions.o(.text.arm_rfft_32_fast_init_f64), (56 bytes).
    Removing transformfunctions.o(.ARM.exidx.text.arm_rfft_32_fast_init_f64), (8 bytes).
    Removing transformfunctions.o(.text.arm_split_rifft_q15), (88 bytes).
    Removing transformfunctions.o(.ARM.exidx.text.arm_split_rifft_q15), (8 bytes).
    Removing transformfunctions.o(.text.arm_split_rfft_q15), (172 bytes).
    Removing transformfunctions.o(.ARM.exidx.text.arm_split_rfft_q15), (8 bytes).
    Removing transformfunctions.o(.text.arm_split_rifft_q31), (136 bytes).
    Removing transformfunctions.o(.ARM.exidx.text.arm_split_rifft_q31), (8 bytes).
    Removing transformfunctions.o(.text.arm_split_rfft_q31), (274 bytes).
    Removing transformfunctions.o(.ARM.exidx.text.arm_split_rfft_q31), (8 bytes).

1226 unused section(s) (total 1042543 bytes) removed from the image.

==============================================================================

Image Symbol Table

    Local Symbols

    Symbol Name                              Value     Ov Type        Size  Object(Section)

    ../clib/angel/boardlib.s                 0x00000000   Number         0  boardinit1.o ABSOLUTE
    ../clib/angel/boardlib.s                 0x00000000   Number         0  boardinit2.o ABSOLUTE
    ../clib/angel/boardlib.s                 0x00000000   Number         0  boardinit3.o ABSOLUTE
    ../clib/angel/boardlib.s                 0x00000000   Number         0  boardshut.o ABSOLUTE
    ../clib/angel/handlers.s                 0x00000000   Number         0  __scatter_copy.o ABSOLUTE
    ../clib/angel/handlers.s                 0x00000000   Number         0  __scatter_zi.o ABSOLUTE
    ../clib/angel/kernel.s                   0x00000000   Number         0  __rtentry.o ABSOLUTE
    ../clib/angel/kernel.s                   0x00000000   Number         0  __rtentry2.o ABSOLUTE
    ../clib/angel/kernel.s                   0x00000000   Number         0  __rtentry4.o ABSOLUTE
    ../clib/angel/kernel.s                   0x00000000   Number         0  rtexit.o ABSOLUTE
    ../clib/angel/kernel.s                   0x00000000   Number         0  rtexit2.o ABSOLUTE
    ../clib/angel/rt.s                       0x00000000   Number         0  aeabi_ldiv0.o ABSOLUTE
    ../clib/angel/rt.s                       0x00000000   Number         0  aeabi_ldiv0_sigfpe.o ABSOLUTE
    ../clib/angel/rt.s                       0x00000000   Number         0  rt_div0.o ABSOLUTE
    ../clib/angel/rt.s                       0x00000000   Number         0  rt_locale.o ABSOLUTE
    ../clib/angel/rt.s                       0x00000000   Number         0  rt_locale_intlibspace.o ABSOLUTE
    ../clib/angel/rt.s                       0x00000000   Number         0  rt_errno_addr.o ABSOLUTE
    ../clib/angel/rt.s                       0x00000000   Number         0  rt_errno_addr_intlibspace.o ABSOLUTE
    ../clib/angel/rt.s                       0x00000000   Number         0  rt_raise.o ABSOLUTE
    ../clib/angel/scatter.s                  0x00000000   Number         0  __scatter.o ABSOLUTE
    ../clib/angel/startup.s                  0x00000000   Number         0  __main.o ABSOLUTE
    ../clib/angel/sys.s                      0x00000000   Number         0  use_no_semi_2.o ABSOLUTE
    ../clib/angel/sys.s                      0x00000000   Number         0  use_no_semi.o ABSOLUTE
    ../clib/angel/sys.s                      0x00000000   Number         0  libspace.o ABSOLUTE
    ../clib/angel/sys.s                      0x00000000   Number         0  sys_stackheap_outer.o ABSOLUTE
    ../clib/angel/sys.s                      0x00000000   Number         0  indicate_semi.o ABSOLUTE
    ../clib/angel/sysapp.c                   0x00000000   Number         0  sys_command.o ABSOLUTE
    ../clib/angel/sysapp.c                   0x00000000   Number         0  sys_command_hlt.o ABSOLUTE
    ../clib/armsys.c                         0x00000000   Number         0  argv_veneer.o ABSOLUTE
    ../clib/armsys.c                         0x00000000   Number         0  argv_veneer.o ABSOLUTE
    ../clib/armsys.c                         0x00000000   Number         0  _get_argv_nomalloc.o ABSOLUTE
    ../clib/armsys.c                         0x00000000   Number         0  no_argv.o ABSOLUTE
    ../clib/bigflt.c                         0x00000000   Number         0  bigflt0.o ABSOLUTE
    ../clib/btod.s                           0x00000000   Number         0  btod.o ABSOLUTE
    ../clib/btod_accurate.c                  0x00000000   Number         0  btod_accurate.o ABSOLUTE
    ../clib/btod_accurate.c                  0x00000000   Number         0  btod_accurate_common.o ABSOLUTE
    ../clib/fenv.c                           0x00000000   Number         0  _rserrno.o ABSOLUTE
    ../clib/heapalloc.c                      0x00000000   Number         0  hrguard.o ABSOLUTE
    ../clib/heapaux.c                        0x00000000   Number         0  heapauxi.o ABSOLUTE
    ../clib/libinit.s                        0x00000000   Number         0  libinit.o ABSOLUTE
    ../clib/libinit.s                        0x00000000   Number         0  libinit2.o ABSOLUTE
    ../clib/libinit.s                        0x00000000   Number         0  libshutdown.o ABSOLUTE
    ../clib/libinit.s                        0x00000000   Number         0  libshutdown2.o ABSOLUTE
    ../clib/locale.s                         0x00000000   Number         0  lc_numeric_c.o ABSOLUTE
    ../clib/longlong.s                       0x00000000   Number         0  lludivv7m.o ABSOLUTE
    ../clib/longlong.s                       0x00000000   Number         0  llsdiv.o ABSOLUTE
    ../clib/longlong.s                       0x00000000   Number         0  lludiv10.o ABSOLUTE
    ../clib/longlong.s                       0x00000000   Number         0  llushr.o ABSOLUTE
    ../clib/memcpset.s                       0x00000000   Number         0  rt_memcpy_w.o ABSOLUTE
    ../clib/memcpset.s                       0x00000000   Number         0  aeabi_memset.o ABSOLUTE
    ../clib/memcpset.s                       0x00000000   Number         0  rt_memclr.o ABSOLUTE
    ../clib/memcpset.s                       0x00000000   Number         0  rt_memclr_w.o ABSOLUTE
    ../clib/memcpset.s                       0x00000000   Number         0  strcmpv7em.o ABSOLUTE
    ../clib/printf.c                         0x00000000   Number         0  __2printf.o ABSOLUTE
    ../clib/printf.c                         0x00000000   Number         0  noretval__2printf.o ABSOLUTE
    ../clib/printf.c                         0x00000000   Number         0  __printf.o ABSOLUTE
    ../clib/printf.c                         0x00000000   Number         0  __printf_flags.o ABSOLUTE
    ../clib/printf.c                         0x00000000   Number         0  __printf_ss.o ABSOLUTE
    ../clib/printf.c                         0x00000000   Number         0  __printf_flags_ss.o ABSOLUTE
    ../clib/printf.c                         0x00000000   Number         0  __printf_wp.o ABSOLUTE
    ../clib/printf.c                         0x00000000   Number         0  __printf_flags_wp.o ABSOLUTE
    ../clib/printf.c                         0x00000000   Number         0  __printf_ss_wp.o ABSOLUTE
    ../clib/printf.c                         0x00000000   Number         0  __printf_flags_ss_wp.o ABSOLUTE
    ../clib/printf.c                         0x00000000   Number         0  _printf_fp_dec.o ABSOLUTE
    ../clib/printf.c                         0x00000000   Number         0  _printf_fp_dec_accurate.o ABSOLUTE
    ../clib/printf.c                         0x00000000   Number         0  _printf_char_file.o ABSOLUTE
    ../clib/printf.c                         0x00000000   Number         0  _printf_char_common.o ABSOLUTE
    ../clib/printf.c                         0x00000000   Number         0  _printf_fp_infnan.o ABSOLUTE
    ../clib/printf.c                         0x00000000   Number         0  __printf_nopercent.o ABSOLUTE
    ../clib/printf_percent.s                 0x00000000   Number         0  _printf_f.o ABSOLUTE
    ../clib/printf_percent.s                 0x00000000   Number         0  _printf_percent.o ABSOLUTE
    ../clib/printf_percent.s                 0x00000000   Number         0  _printf_percent_end.o ABSOLUTE
    ../clib/signal.c                         0x00000000   Number         0  defsig_fpe_outer.o ABSOLUTE
    ../clib/signal.c                         0x00000000   Number         0  defsig_fpe_formal.o ABSOLUTE
    ../clib/signal.c                         0x00000000   Number         0  defsig_exit.o ABSOLUTE
    ../clib/signal.c                         0x00000000   Number         0  defsig_fpe_inner.o ABSOLUTE
    ../clib/signal.c                         0x00000000   Number         0  __raise.o ABSOLUTE
    ../clib/signal.c                         0x00000000   Number         0  defsig_general.o ABSOLUTE
    ../clib/signal.c                         0x00000000   Number         0  defsig_rtmem_outer.o ABSOLUTE
    ../clib/signal.c                         0x00000000   Number         0  defsig_rtmem_formal.o ABSOLUTE
    ../clib/signal.c                         0x00000000   Number         0  defsig_abrt_inner.o ABSOLUTE
    ../clib/signal.c                         0x00000000   Number         0  defsig_rtred_inner.o ABSOLUTE
    ../clib/signal.c                         0x00000000   Number         0  defsig_rtmem_inner.o ABSOLUTE
    ../clib/signal.c                         0x00000000   Number         0  defsig_stak_inner.o ABSOLUTE
    ../clib/signal.c                         0x00000000   Number         0  defsig_pvfn_inner.o ABSOLUTE
    ../clib/signal.c                         0x00000000   Number         0  defsig_cppl_inner.o ABSOLUTE
    ../clib/signal.c                         0x00000000   Number         0  defsig_segv_inner.o ABSOLUTE
    ../clib/signal.c                         0x00000000   Number         0  defsig_other.o ABSOLUTE
    ../clib/signal.s                         0x00000000   Number         0  defsig.o ABSOLUTE
    ../clib/stdio.c                          0x00000000   Number         0  ferror.o ABSOLUTE
    ../clib/stdio.c                          0x00000000   Number         0  ferror_locked.o ABSOLUTE
    ../clib/stdlib.c                         0x00000000   Number         0  exit.o ABSOLUTE
    ../fplib/basic.s                         0x00000000   Number         0  basic.o ABSOLUTE
    ../fplib/d2f.s                           0x00000000   Number         0  d2f.o ABSOLUTE
    ../fplib/daddsub.s                       0x00000000   Number         0  daddsub_clz.o ABSOLUTE
    ../fplib/dcmp.s                          0x00000000   Number         0  dcmp.o ABSOLUTE
    ../fplib/dcmpi.s                         0x00000000   Number         0  dcmpi.o ABSOLUTE
    ../fplib/ddiv.s                          0x00000000   Number         0  ddiv.o ABSOLUTE
    ../fplib/deqf.s                          0x00000000   Number         0  deqf.o ABSOLUTE
    ../fplib/dflt.s                          0x00000000   Number         0  dflt_clz.o ABSOLUTE
    ../fplib/dgeqf.s                         0x00000000   Number         0  dgeqf.o ABSOLUTE
    ../fplib/dleqf.s                         0x00000000   Number         0  dleqf.o ABSOLUTE
    ../fplib/dmul.s                          0x00000000   Number         0  dmul.o ABSOLUTE
    ../fplib/dnaninf.s                       0x00000000   Number         0  dnaninf.o ABSOLUTE
    ../fplib/dretinf.s                       0x00000000   Number         0  dretinf.o ABSOLUTE
    ../fplib/f2d.s                           0x00000000   Number         0  f2d.o ABSOLUTE
    ../fplib/ffixll.s                        0x00000000   Number         0  ffixll.o ABSOLUTE
    ../fplib/fnaninf.s                       0x00000000   Number         0  fnaninf.o ABSOLUTE
    ../fplib/fpinit.s                        0x00000000   Number         0  fpinit.o ABSOLUTE
    ../fplib/fretinf.s                       0x00000000   Number         0  fretinf.o ABSOLUTE
    ../fplib/istatus.s                       0x00000000   Number         0  istatus.o ABSOLUTE
    ../fplib/printf1.s                       0x00000000   Number         0  printf1.o ABSOLUTE
    ../fplib/usenofp.s                       0x00000000   Number         0  usenofp.o ABSOLUTE
    ../mathlib/dunder.c                      0x00000000   Number         0  dunder.o ABSOLUTE
    ../mathlib/expf.c                        0x00000000   Number         0  expf.o ABSOLUTE
    ../mathlib/expf.c                        0x00000000   Number         0  expf_x.o ABSOLUTE
    ../mathlib/fpclassify.c                  0x00000000   Number         0  fpclassify.o ABSOLUTE
    ../mathlib/fpclassifyf.c                 0x00000000   Number         0  fpclassifyf.o ABSOLUTE
    ../mathlib/funder.c                      0x00000000   Number         0  funder.o ABSOLUTE
    ../mathlib/log.c                         0x00000000   Number         0  log.o ABSOLUTE
    ../mathlib/log.c                         0x00000000   Number         0  log_x.o ABSOLUTE
    ../mathlib/logf.c                        0x00000000   Number         0  logf.o ABSOLUTE
    ../mathlib/logf.c                        0x00000000   Number         0  logf_x.o ABSOLUTE
    ../mathlib/poly.c                        0x00000000   Number         0  poly.o ABSOLUTE
    ../mathlib/powf.c                        0x00000000   Number         0  powf.o ABSOLUTE
    ../mathlib/powf.c                        0x00000000   Number         0  powf_x.o ABSOLUTE
    ../mathlib/qnan.c                        0x00000000   Number         0  qnan.o ABSOLUTE
    ../mathlib/sqrtf.c                       0x00000000   Number         0  sqrtf.o ABSOLUTE
    ../mathlib/sqrtf.c                       0x00000000   Number         0  sqrtf_x.o ABSOLUTE
    ../mathlib/tanhf.c                       0x00000000   Number         0  tanhf.o ABSOLUTE
    ../mathlib/tanhf.c                       0x00000000   Number         0  tanhf_x.o ABSOLUTE
    ..\..\..\..\..\..\libraries\cmsis\cm4\device_support\startup\mdk\startup_at32f435_437.s 0x00000000   Number         0  startup_at32f435_437.o ABSOLUTE
    BasicMathFunctions.c                     0x00000000   Number         0  basicmathfunctions.o ABSOLUTE
    BayesFunctions.c                         0x00000000   Number         0  bayesfunctions.o ABSOLUTE
    CommonTables.c                           0x00000000   Number         0  commontables.o ABSOLUTE
    ComplexMathFunctions.c                   0x00000000   Number         0  complexmathfunctions.o ABSOLUTE
    ControllerFunctions.c                    0x00000000   Number         0  controllerfunctions.o ABSOLUTE
    DistanceFunctions.c                      0x00000000   Number         0  distancefunctions.o ABSOLUTE
    FastMathFunctions.c                      0x00000000   Number         0  fastmathfunctions.o ABSOLUTE
    FilteringFunctions.c                     0x00000000   Number         0  filteringfunctions.o ABSOLUTE
    MatrixFunctions.c                        0x00000000   Number         0  matrixfunctions.o ABSOLUTE
    SVMFunctions.c                           0x00000000   Number         0  svmfunctions.o ABSOLUTE
    StatisticsFunctions.c                    0x00000000   Number         0  statisticsfunctions.o ABSOLUTE
    SupportFunctions.c                       0x00000000   Number         0  supportfunctions.o ABSOLUTE
    TransformFunctions.c                     0x00000000   Number         0  transformfunctions.o ABSOLUTE
    at32f435_437_board.c                     0x00000000   Number         0  at32f435_437_board.o ABSOLUTE
    at32f435_437_clock.c                     0x00000000   Number         0  at32f435_437_clock.o ABSOLUTE
    at32f435_437_crm.c                       0x00000000   Number         0  at32f435_437_crm.o ABSOLUTE
    at32f435_437_gpio.c                      0x00000000   Number         0  at32f435_437_gpio.o ABSOLUTE
    at32f435_437_int.c                       0x00000000   Number         0  at32f435_437_int.o ABSOLUTE
    at32f435_437_misc.c                      0x00000000   Number         0  at32f435_437_misc.o ABSOLUTE
    at32f435_437_usart.c                     0x00000000   Number         0  at32f435_437_usart.o ABSOLUTE
    dc.s                                     0x00000000   Number         0  dc.o ABSOLUTE
    main.c                                   0x00000000   Number         0  main.o ABSOLUTE
    system_at32f435_437.c                    0x00000000   Number         0  system_at32f435_437.o ABSOLUTE
    RESET                                    0x08000000   Section      524  startup_at32f435_437.o(RESET)
    !!!main                                  0x0800020c   Section        8  __main.o(!!!main)
    !!!scatter                               0x08000214   Section       52  __scatter.o(!!!scatter)
    !!handler_copy                           0x08000248   Section       26  __scatter_copy.o(!!handler_copy)
    !!handler_zi                             0x08000264   Section       28  __scatter_zi.o(!!handler_zi)
    .ARM.Collect$$_printf_percent$$00000000  0x08000280   Section        0  _printf_percent.o(.ARM.Collect$$_printf_percent$$00000000)
    .ARM.Collect$$_printf_percent$$00000003  0x08000280   Section        6  _printf_f.o(.ARM.Collect$$_printf_percent$$00000003)
    .ARM.Collect$$_printf_percent$$00000017  0x08000286   Section        4  _printf_percent_end.o(.ARM.Collect$$_printf_percent$$00000017)
    .ARM.Collect$$libinit$$00000000          0x0800028a   Section        2  libinit.o(.ARM.Collect$$libinit$$00000000)
    .ARM.Collect$$libinit$$00000001          0x0800028c   Section        4  libinit2.o(.ARM.Collect$$libinit$$00000001)
    .ARM.Collect$$libinit$$00000004          0x08000290   Section        0  libinit2.o(.ARM.Collect$$libinit$$00000004)
    .ARM.Collect$$libinit$$0000000A          0x08000290   Section        0  libinit2.o(.ARM.Collect$$libinit$$0000000A)
    .ARM.Collect$$libinit$$0000000C          0x08000290   Section        0  libinit2.o(.ARM.Collect$$libinit$$0000000C)
    .ARM.Collect$$libinit$$0000000E          0x08000290   Section        0  libinit2.o(.ARM.Collect$$libinit$$0000000E)
    .ARM.Collect$$libinit$$0000000F          0x08000290   Section        6  libinit2.o(.ARM.Collect$$libinit$$0000000F)
    .ARM.Collect$$libinit$$00000011          0x08000296   Section        0  libinit2.o(.ARM.Collect$$libinit$$00000011)
    .ARM.Collect$$libinit$$00000013          0x08000296   Section        0  libinit2.o(.ARM.Collect$$libinit$$00000013)
    .ARM.Collect$$libinit$$00000015          0x08000296   Section        0  libinit2.o(.ARM.Collect$$libinit$$00000015)
    .ARM.Collect$$libinit$$00000016          0x08000296   Section       10  libinit2.o(.ARM.Collect$$libinit$$00000016)
    .ARM.Collect$$libinit$$00000017          0x080002a0   Section        0  libinit2.o(.ARM.Collect$$libinit$$00000017)
    .ARM.Collect$$libinit$$00000019          0x080002a0   Section        0  libinit2.o(.ARM.Collect$$libinit$$00000019)
    .ARM.Collect$$libinit$$0000001B          0x080002a0   Section        0  libinit2.o(.ARM.Collect$$libinit$$0000001B)
    .ARM.Collect$$libinit$$0000001D          0x080002a0   Section        0  libinit2.o(.ARM.Collect$$libinit$$0000001D)
    .ARM.Collect$$libinit$$0000001F          0x080002a0   Section        0  libinit2.o(.ARM.Collect$$libinit$$0000001F)
    .ARM.Collect$$libinit$$00000021          0x080002a0   Section        0  libinit2.o(.ARM.Collect$$libinit$$00000021)
    .ARM.Collect$$libinit$$00000023          0x080002a0   Section        0  libinit2.o(.ARM.Collect$$libinit$$00000023)
    .ARM.Collect$$libinit$$00000025          0x080002a0   Section        0  libinit2.o(.ARM.Collect$$libinit$$00000025)
    .ARM.Collect$$libinit$$0000002C          0x080002a0   Section        0  libinit2.o(.ARM.Collect$$libinit$$0000002C)
    .ARM.Collect$$libinit$$0000002E          0x080002a0   Section        0  libinit2.o(.ARM.Collect$$libinit$$0000002E)
    .ARM.Collect$$libinit$$00000030          0x080002a0   Section        0  libinit2.o(.ARM.Collect$$libinit$$00000030)
    .ARM.Collect$$libinit$$00000032          0x080002a0   Section        0  libinit2.o(.ARM.Collect$$libinit$$00000032)
    .ARM.Collect$$libinit$$00000033          0x080002a0   Section        2  libinit2.o(.ARM.Collect$$libinit$$00000033)
    .ARM.Collect$$libshutdown$$00000000      0x080002a2   Section        2  libshutdown.o(.ARM.Collect$$libshutdown$$00000000)
    .ARM.Collect$$libshutdown$$00000002      0x080002a4   Section        0  libshutdown2.o(.ARM.Collect$$libshutdown$$00000002)
    .ARM.Collect$$libshutdown$$00000004      0x080002a4   Section        0  libshutdown2.o(.ARM.Collect$$libshutdown$$00000004)
    .ARM.Collect$$libshutdown$$00000007      0x080002a4   Section        0  libshutdown2.o(.ARM.Collect$$libshutdown$$00000007)
    .ARM.Collect$$libshutdown$$0000000A      0x080002a4   Section        0  libshutdown2.o(.ARM.Collect$$libshutdown$$0000000A)
    .ARM.Collect$$libshutdown$$0000000C      0x080002a4   Section        0  libshutdown2.o(.ARM.Collect$$libshutdown$$0000000C)
    .ARM.Collect$$libshutdown$$0000000F      0x080002a4   Section        0  libshutdown2.o(.ARM.Collect$$libshutdown$$0000000F)
    .ARM.Collect$$libshutdown$$00000010      0x080002a4   Section        2  libshutdown2.o(.ARM.Collect$$libshutdown$$00000010)
    .ARM.Collect$$rtentry$$00000000          0x080002a6   Section        0  __rtentry.o(.ARM.Collect$$rtentry$$00000000)
    .ARM.Collect$$rtentry$$00000002          0x080002a6   Section        0  __rtentry2.o(.ARM.Collect$$rtentry$$00000002)
    .ARM.Collect$$rtentry$$00000004          0x080002a6   Section        6  __rtentry4.o(.ARM.Collect$$rtentry$$00000004)
    .ARM.Collect$$rtentry$$00000009          0x080002ac   Section        0  __rtentry2.o(.ARM.Collect$$rtentry$$00000009)
    .ARM.Collect$$rtentry$$0000000A          0x080002ac   Section        4  __rtentry2.o(.ARM.Collect$$rtentry$$0000000A)
    .ARM.Collect$$rtentry$$0000000C          0x080002b0   Section        0  __rtentry2.o(.ARM.Collect$$rtentry$$0000000C)
    .ARM.Collect$$rtentry$$0000000D          0x080002b0   Section        8  __rtentry2.o(.ARM.Collect$$rtentry$$0000000D)
    .ARM.Collect$$rtexit$$00000000           0x080002b8   Section        2  rtexit.o(.ARM.Collect$$rtexit$$00000000)
    .ARM.Collect$$rtexit$$00000002           0x080002ba   Section        0  rtexit2.o(.ARM.Collect$$rtexit$$00000002)
    .ARM.Collect$$rtexit$$00000003           0x080002ba   Section        4  rtexit2.o(.ARM.Collect$$rtexit$$00000003)
    .ARM.Collect$$rtexit$$00000004           0x080002be   Section        6  rtexit2.o(.ARM.Collect$$rtexit$$00000004)
    $v0                                      0x080002c4   Number         0  startup_at32f435_437.o(.text)
    .text                                    0x080002c4   Section       64  startup_at32f435_437.o(.text)
    .text                                    0x08000304   Section        2  use_no_semi_2.o(.text)
    .text                                    0x08000308   Section        0  noretval__2printf.o(.text)
    .text                                    0x08000320   Section        0  __printf.o(.text)
    .text                                    0x08000388   Section        0  heapauxi.o(.text)
    .text                                    0x0800038e   Section        2  use_no_semi.o(.text)
    .text                                    0x08000390   Section        0  _rserrno.o(.text)
    _fp_digits                               0x080003a7   Thumb Code   432  _printf_fp_dec.o(.text)
    .text                                    0x080003a6   Section        0  _printf_fp_dec.o(.text)
    .text                                    0x080007c4   Section        0  _printf_char_file.o(.text)
    .text                                    0x080007e8   Section        8  rt_locale_intlibspace.o(.text)
    .text                                    0x080007f0   Section        8  rt_errno_addr_intlibspace.o(.text)
    .text                                    0x080007f8   Section      138  lludiv10.o(.text)
    _printf_input_char                       0x08000885   Thumb Code    10  _printf_char_common.o(.text)
    .text                                    0x08000884   Section        0  _printf_char_common.o(.text)
    .text                                    0x080008b4   Section        0  _printf_fp_infnan.o(.text)
    .text                                    0x08000934   Section        0  bigflt0.o(.text)
    .text                                    0x08000a18   Section        0  ferror.o(.text)
    .text                                    0x08000a20   Section        8  libspace.o(.text)
    .text                                    0x08000a28   Section       74  sys_stackheap_outer.o(.text)
    .text                                    0x08000a72   Section        0  exit.o(.text)
    .text                                    0x08000a88   Section      124  strcmpv7em.o(.text)
    [Anonymous Symbol]                       0x08000b04   Section        0  at32f435_437_int.o(.text.BusFault_Handler)
    [Anonymous Symbol]                       0x08000b08   Section        0  at32f435_437_int.o(.text.DebugMon_Handler)
    [Anonymous Symbol]                       0x08000b0c   Section        0  at32f435_437_int.o(.text.HardFault_Handler)
    [Anonymous Symbol]                       0x08000b10   Section        0  at32f435_437_int.o(.text.MemManage_Handler)
    [Anonymous Symbol]                       0x08000b14   Section        0  at32f435_437_int.o(.text.NMI_Handler)
    [Anonymous Symbol]                       0x08000b18   Section        0  at32f435_437_int.o(.text.PendSV_Handler)
    [Anonymous Symbol]                       0x08000b1c   Section        0  at32f435_437_int.o(.text.SVC_Handler)
    [Anonymous Symbol]                       0x08000b20   Section        0  at32f435_437_int.o(.text.SysTick_Handler)
    [Anonymous Symbol]                       0x08000b24   Section        0  system_at32f435_437.o(.text.SystemInit)
    [Anonymous Symbol]                       0x08000b8c   Section        0  at32f435_437_int.o(.text.UsageFault_Handler)
    [Anonymous Symbol]                       0x08000b90   Section        0  at32f435_437_board.o(.text._sys_exit)
    [Anonymous Symbol]                       0x08000b94   Section        0  matrixfunctions.o(.text.arm_mat_mult_f32)
    [Anonymous Symbol]                       0x08000cec   Section        0  statisticsfunctions.o(.text.arm_max_f32)
    [Anonymous Symbol]                       0x08000dbc   Section        0  statisticsfunctions.o(.text.arm_mean_f32)
    [Anonymous Symbol]                       0x08000e3c   Section        0  statisticsfunctions.o(.text.arm_min_f32)
    [Anonymous Symbol]                       0x08000f0c   Section        0  statisticsfunctions.o(.text.arm_std_f32)
    [Anonymous Symbol]                       0x08000f5c   Section        0  statisticsfunctions.o(.text.arm_var_f32)
    [Anonymous Symbol]                       0x08001088   Section        0  at32f435_437_crm.o(.text.crm_ahb_div_set)
    [Anonymous Symbol]                       0x080010a4   Section        0  at32f435_437_crm.o(.text.crm_apb1_div_set)
    [Anonymous Symbol]                       0x080010c0   Section        0  at32f435_437_crm.o(.text.crm_apb2_div_set)
    [Anonymous Symbol]                       0x080010dc   Section        0  at32f435_437_crm.o(.text.crm_auto_step_mode_enable)
    [Anonymous Symbol]                       0x080010f8   Section        0  at32f435_437_crm.o(.text.crm_clock_source_enable)
    [Anonymous Symbol]                       0x08001174   Section        0  at32f435_437_crm.o(.text.crm_clocks_freq_get)
    crm_clocks_freq_get.pll_fr_table         0x08001200   Number         0  at32f435_437_crm.o(.text.crm_clocks_freq_get)
    crm_clocks_freq_get.sclk_ahb_div_table   0x08001208   Number         0  at32f435_437_crm.o(.text.crm_clocks_freq_get)
    crm_clocks_freq_get.ahb_apb1_div_table   0x08001218   Number         0  at32f435_437_crm.o(.text.crm_clocks_freq_get)
    crm_clocks_freq_get.ahb_apb2_div_table   0x08001218   Number         0  at32f435_437_crm.o(.text.crm_clocks_freq_get)
    [Anonymous Symbol]                       0x08001220   Section        0  at32f435_437_crm.o(.text.crm_flag_get)
    [Anonymous Symbol]                       0x0800123c   Section        0  at32f435_437_crm.o(.text.crm_hext_stable_wait)
    [Anonymous Symbol]                       0x08001264   Section        0  at32f435_437_crm.o(.text.crm_periph_clock_enable)
    [Anonymous Symbol]                       0x0800128c   Section        0  at32f435_437_crm.o(.text.crm_pll_config)
    [Anonymous Symbol]                       0x080012e8   Section        0  at32f435_437_crm.o(.text.crm_reset)
    [Anonymous Symbol]                       0x08001338   Section        0  at32f435_437_crm.o(.text.crm_sysclk_switch)
    [Anonymous Symbol]                       0x0800134c   Section        0  at32f435_437_crm.o(.text.crm_sysclk_switch_status_get)
    [Anonymous Symbol]                       0x0800135c   Section        0  at32f435_437_board.o(.text.fputc)
    [Anonymous Symbol]                       0x08001380   Section        0  at32f435_437_gpio.o(.text.gpio_default_para_init)
    [Anonymous Symbol]                       0x08001390   Section        0  at32f435_437_gpio.o(.text.gpio_init)
    [Anonymous Symbol]                       0x08001414   Section        0  at32f435_437_gpio.o(.text.gpio_pin_mux_config)
    [Anonymous Symbol]                       0x08001444   Section        0  main.o(.text.main)
    [Anonymous Symbol]                       0x08001590   Section        0  at32f435_437_clock.o(.text.system_clock_config)
    [Anonymous Symbol]                       0x08001624   Section        0  system_at32f435_437.o(.text.system_core_clock_update)
    system_core_clock_update.pll_fr_table    0x08001698   Number         0  system_at32f435_437.o(.text.system_core_clock_update)
    system_core_clock_update.sys_ahb_div_table 0x080016a0   Number         0  system_at32f435_437.o(.text.system_core_clock_update)
    [Anonymous Symbol]                       0x080016b0   Section        0  at32f435_437_board.o(.text.uart_print_init)
    [Anonymous Symbol]                       0x08001720   Section        0  at32f435_437_usart.o(.text.usart_data_transmit)
    [Anonymous Symbol]                       0x08001728   Section        0  at32f435_437_usart.o(.text.usart_enable)
    [Anonymous Symbol]                       0x0800173c   Section        0  at32f435_437_usart.o(.text.usart_flag_get)
    [Anonymous Symbol]                       0x08001748   Section        0  at32f435_437_usart.o(.text.usart_init)
    [Anonymous Symbol]                       0x080017f0   Section        0  at32f435_437_usart.o(.text.usart_transmitter_enable)
    CL$$btod_d2e                             0x08001802   Section       62  btod.o(CL$$btod_d2e)
    CL$$btod_d2e_denorm_low                  0x08001840   Section       70  btod.o(CL$$btod_d2e_denorm_low)
    CL$$btod_d2e_norm_op1                    0x08001886   Section       96  btod.o(CL$$btod_d2e_norm_op1)
    CL$$btod_div_common                      0x080018e6   Section      824  btod.o(CL$$btod_div_common)
    CL$$btod_e2e                             0x08001c1e   Section      220  btod.o(CL$$btod_e2e)
    CL$$btod_ediv                            0x08001cfa   Section       42  btod.o(CL$$btod_ediv)
    CL$$btod_emul                            0x08001d24   Section       42  btod.o(CL$$btod_emul)
    CL$$btod_mult_common                     0x08001d4e   Section      580  btod.o(CL$$btod_mult_common)
    i.__ARM_fpclassify                       0x08001f92   Section        0  fpclassify.o(i.__ARM_fpclassify)
    i.__hardfp_sqrtf                         0x08001fc2   Section        0  sqrtf.o(i.__hardfp_sqrtf)
    locale$$code                             0x08001ffc   Section       44  lc_numeric_c.o(locale$$code)
    $v0                                      0x08002028   Number         0  dretinf.o(x$fpl$dretinf)
    x$fpl$dretinf                            0x08002028   Section       12  dretinf.o(x$fpl$dretinf)
    $v0                                      0x08002034   Number         0  f2d.o(x$fpl$f2d)
    x$fpl$f2d                                0x08002034   Section       86  f2d.o(x$fpl$f2d)
    $v0                                      0x0800208a   Number         0  fnaninf.o(x$fpl$fnaninf)
    x$fpl$fnaninf                            0x0800208a   Section      140  fnaninf.o(x$fpl$fnaninf)
    $v0                                      0x08002116   Number         0  fpinit.o(x$fpl$fpinit)
    x$fpl$fpinit                             0x08002116   Section       26  fpinit.o(x$fpl$fpinit)
    $v0                                      0x08002130   Number         0  printf1.o(x$fpl$printf1)
    x$fpl$printf1                            0x08002130   Section        4  printf1.o(x$fpl$printf1)
    tenpwrs_x                                0x08002134   Data          60  bigflt0.o(.constdata)
    .constdata                               0x08002134   Section      148  bigflt0.o(.constdata)
    x$fpl$usenofp                            0x08002134   Section        0  usenofp.o(x$fpl$usenofp)
    tenpwrs_i                                0x08002170   Data          64  bigflt0.o(.constdata)
    .L__const.main.dstC                      0x080021c8   Data           8  main.o(.rodata..L__const.main.dstC)
    .L__const.main.srcA                      0x080021d0   Data           8  main.o(.rodata..L__const.main.srcA)
    .L__const.main.srcB                      0x080021d8   Data           8  main.o(.rodata..L__const.main.srcB)
    locale$$data                             0x08002350   Section       28  lc_numeric_c.o(locale$$data)
    __lcnum_c_name                           0x08002354   Data           2  lc_numeric_c.o(locale$$data)
    __lcnum_c_start                          0x0800235c   Data           0  lc_numeric_c.o(locale$$data)
    __lcnum_c_point                          0x08002368   Data           0  lc_numeric_c.o(locale$$data)
    __lcnum_c_thousands                      0x0800236a   Data           0  lc_numeric_c.o(locale$$data)
    __lcnum_c_grouping                       0x0800236b   Data           0  lc_numeric_c.o(locale$$data)
    __lcnum_c_end                            0x0800236c   Data           0  lc_numeric_c.o(locale$$data)
    .bss                                     0x20000008   Section       96  libspace.o(.bss)
    testOutput                               0x200000d0   Data         320  main.o(.bss.testOutput)
    [Anonymous Symbol]                       0x200000d0   Section        0  main.o(.bss.testOutput)
    Heap_Mem                                 0x20000218   Data         512  startup_at32f435_437.o(HEAP)
    HEAP                                     0x20000218   Section      512  startup_at32f435_437.o(HEAP)
    Stack_Mem                                0x20000418   Data        1024  startup_at32f435_437.o(STACK)
    STACK                                    0x20000418   Section     1024  startup_at32f435_437.o(STACK)
    __initial_sp                             0x20000818   Data           0  startup_at32f435_437.o(STACK)

    Global Symbols

    Symbol Name                              Value     Ov Type        Size  Object(Section)

    BuildAttributes$$THM_ISAv4$E$P$D$K$B$S$7EM$VFPi3$EXTD16$VFPS$VFMA$PE$A:L22UL41UL21$X:L11$S22US41US21$IEEE1$IW$~IW$USESV6$~STKCKD$USESV7$~SHL$OTIME$ROPI$IEEEX$EBA8$UX$STANDARDLIB$REQ8$PRES8$EABIv2 0x00000000   Number         0  anon$$obj.o ABSOLUTE
    __ARM_exceptions_init                     - Undefined Weak Reference
    __alloca_initialize                       - Undefined Weak Reference
    __arm_preinit_                            - Undefined Weak Reference
    __cpp_initialize__aeabi_                  - Undefined Weak Reference
    __cxa_finalize                            - Undefined Weak Reference
    __sigvec_lookup                           - Undefined Weak Reference
    _atexit_init                              - Undefined Weak Reference
    _call_atexit_fns                          - Undefined Weak Reference
    _clock_init                               - Undefined Weak Reference
    _fp_trap_init                             - Undefined Weak Reference
    _fp_trap_shutdown                         - Undefined Weak Reference
    _get_lc_collate                           - Undefined Weak Reference
    _get_lc_ctype                             - Undefined Weak Reference
    _get_lc_monetary                          - Undefined Weak Reference
    _get_lc_time                              - Undefined Weak Reference
    _getenv_init                              - Undefined Weak Reference
    _handle_redirection                       - Undefined Weak Reference
    _init_alloc                               - Undefined Weak Reference
    _init_user_alloc                          - Undefined Weak Reference
    _initio                                   - Undefined Weak Reference
    _mutex_acquire                            - Undefined Weak Reference
    _mutex_release                            - Undefined Weak Reference
    _printf_post_padding                      - Undefined Weak Reference
    _printf_pre_padding                       - Undefined Weak Reference
    _rand_init                                - Undefined Weak Reference
    _signal_finish                            - Undefined Weak Reference
    _signal_init                              - Undefined Weak Reference
    _terminate_alloc                          - Undefined Weak Reference
    _terminate_user_alloc                     - Undefined Weak Reference
    _terminateio                              - Undefined Weak Reference
    __Vectors_Size                           0x0000020c   Number         0  startup_at32f435_437.o ABSOLUTE
    __Vectors                                0x08000000   Data           4  startup_at32f435_437.o(RESET)
    __Vectors_End                            0x0800020c   Data           0  startup_at32f435_437.o(RESET)
    __main                                   0x0800020d   Thumb Code     8  __main.o(!!!main)
    __scatterload                            0x08000215   Thumb Code     0  __scatter.o(!!!scatter)
    __scatterload_rt2                        0x08000215   Thumb Code    44  __scatter.o(!!!scatter)
    __scatterload_rt2_thumb_only             0x08000215   Thumb Code     0  __scatter.o(!!!scatter)
    __scatterload_null                       0x08000223   Thumb Code     0  __scatter.o(!!!scatter)
    __scatterload_copy                       0x08000249   Thumb Code    26  __scatter_copy.o(!!handler_copy)
    __scatterload_zeroinit                   0x08000265   Thumb Code    28  __scatter_zi.o(!!handler_zi)
    _printf_f                                0x08000281   Thumb Code     0  _printf_f.o(.ARM.Collect$$_printf_percent$$00000003)
    _printf_percent                          0x08000281   Thumb Code     0  _printf_percent.o(.ARM.Collect$$_printf_percent$$00000000)
    _printf_percent_end                      0x08000287   Thumb Code     0  _printf_percent_end.o(.ARM.Collect$$_printf_percent$$00000017)
    __rt_lib_init                            0x0800028b   Thumb Code     0  libinit.o(.ARM.Collect$$libinit$$00000000)
    __rt_lib_init_fp_1                       0x0800028d   Thumb Code     0  libinit2.o(.ARM.Collect$$libinit$$00000001)
    __rt_lib_init_heap_1                     0x08000291   Thumb Code     0  libinit2.o(.ARM.Collect$$libinit$$0000000A)
    __rt_lib_init_lc_common                  0x08000291   Thumb Code     0  libinit2.o(.ARM.Collect$$libinit$$0000000F)
    __rt_lib_init_preinit_1                  0x08000291   Thumb Code     0  libinit2.o(.ARM.Collect$$libinit$$00000004)
    __rt_lib_init_rand_1                     0x08000291   Thumb Code     0  libinit2.o(.ARM.Collect$$libinit$$0000000E)
    __rt_lib_init_user_alloc_1               0x08000291   Thumb Code     0  libinit2.o(.ARM.Collect$$libinit$$0000000C)
    __rt_lib_init_lc_collate_1               0x08000297   Thumb Code     0  libinit2.o(.ARM.Collect$$libinit$$00000011)
    __rt_lib_init_lc_ctype_1                 0x08000297   Thumb Code     0  libinit2.o(.ARM.Collect$$libinit$$00000013)
    __rt_lib_init_lc_monetary_1              0x08000297   Thumb Code     0  libinit2.o(.ARM.Collect$$libinit$$00000015)
    __rt_lib_init_lc_numeric_2               0x08000297   Thumb Code     0  libinit2.o(.ARM.Collect$$libinit$$00000016)
    __rt_lib_init_alloca_1                   0x080002a1   Thumb Code     0  libinit2.o(.ARM.Collect$$libinit$$0000002E)
    __rt_lib_init_argv_1                     0x080002a1   Thumb Code     0  libinit2.o(.ARM.Collect$$libinit$$0000002C)
    __rt_lib_init_atexit_1                   0x080002a1   Thumb Code     0  libinit2.o(.ARM.Collect$$libinit$$0000001B)
    __rt_lib_init_clock_1                    0x080002a1   Thumb Code     0  libinit2.o(.ARM.Collect$$libinit$$00000021)
    __rt_lib_init_cpp_1                      0x080002a1   Thumb Code     0  libinit2.o(.ARM.Collect$$libinit$$00000032)
    __rt_lib_init_exceptions_1               0x080002a1   Thumb Code     0  libinit2.o(.ARM.Collect$$libinit$$00000030)
    __rt_lib_init_fp_trap_1                  0x080002a1   Thumb Code     0  libinit2.o(.ARM.Collect$$libinit$$0000001F)
    __rt_lib_init_getenv_1                   0x080002a1   Thumb Code     0  libinit2.o(.ARM.Collect$$libinit$$00000023)
    __rt_lib_init_lc_numeric_1               0x080002a1   Thumb Code     0  libinit2.o(.ARM.Collect$$libinit$$00000017)
    __rt_lib_init_lc_time_1                  0x080002a1   Thumb Code     0  libinit2.o(.ARM.Collect$$libinit$$00000019)
    __rt_lib_init_return                     0x080002a1   Thumb Code     0  libinit2.o(.ARM.Collect$$libinit$$00000033)
    __rt_lib_init_signal_1                   0x080002a1   Thumb Code     0  libinit2.o(.ARM.Collect$$libinit$$0000001D)
    __rt_lib_init_stdio_1                    0x080002a1   Thumb Code     0  libinit2.o(.ARM.Collect$$libinit$$00000025)
    __rt_lib_shutdown                        0x080002a3   Thumb Code     0  libshutdown.o(.ARM.Collect$$libshutdown$$00000000)
    __rt_lib_shutdown_cpp_1                  0x080002a5   Thumb Code     0  libshutdown2.o(.ARM.Collect$$libshutdown$$00000002)
    __rt_lib_shutdown_fp_trap_1              0x080002a5   Thumb Code     0  libshutdown2.o(.ARM.Collect$$libshutdown$$00000007)
    __rt_lib_shutdown_heap_1                 0x080002a5   Thumb Code     0  libshutdown2.o(.ARM.Collect$$libshutdown$$0000000F)
    __rt_lib_shutdown_return                 0x080002a5   Thumb Code     0  libshutdown2.o(.ARM.Collect$$libshutdown$$00000010)
    __rt_lib_shutdown_signal_1               0x080002a5   Thumb Code     0  libshutdown2.o(.ARM.Collect$$libshutdown$$0000000A)
    __rt_lib_shutdown_stdio_1                0x080002a5   Thumb Code     0  libshutdown2.o(.ARM.Collect$$libshutdown$$00000004)
    __rt_lib_shutdown_user_alloc_1           0x080002a5   Thumb Code     0  libshutdown2.o(.ARM.Collect$$libshutdown$$0000000C)
    __rt_entry                               0x080002a7   Thumb Code     0  __rtentry.o(.ARM.Collect$$rtentry$$00000000)
    __rt_entry_presh_1                       0x080002a7   Thumb Code     0  __rtentry2.o(.ARM.Collect$$rtentry$$00000002)
    __rt_entry_sh                            0x080002a7   Thumb Code     0  __rtentry4.o(.ARM.Collect$$rtentry$$00000004)
    __rt_entry_li                            0x080002ad   Thumb Code     0  __rtentry2.o(.ARM.Collect$$rtentry$$0000000A)
    __rt_entry_postsh_1                      0x080002ad   Thumb Code     0  __rtentry2.o(.ARM.Collect$$rtentry$$00000009)
    __rt_entry_main                          0x080002b1   Thumb Code     0  __rtentry2.o(.ARM.Collect$$rtentry$$0000000D)
    __rt_entry_postli_1                      0x080002b1   Thumb Code     0  __rtentry2.o(.ARM.Collect$$rtentry$$0000000C)
    __rt_exit                                0x080002b9   Thumb Code     0  rtexit.o(.ARM.Collect$$rtexit$$00000000)
    __rt_exit_ls                             0x080002bb   Thumb Code     0  rtexit2.o(.ARM.Collect$$rtexit$$00000003)
    __rt_exit_prels_1                        0x080002bb   Thumb Code     0  rtexit2.o(.ARM.Collect$$rtexit$$00000002)
    __rt_exit_exit                           0x080002bf   Thumb Code     0  rtexit2.o(.ARM.Collect$$rtexit$$00000004)
    Reset_Handler                            0x080002c5   Thumb Code     8  startup_at32f435_437.o(.text)
    ACC_IRQHandler                           0x080002df   Thumb Code     0  startup_at32f435_437.o(.text)
    ADC1_2_3_IRQHandler                      0x080002df   Thumb Code     0  startup_at32f435_437.o(.text)
    CAN1_RX0_IRQHandler                      0x080002df   Thumb Code     0  startup_at32f435_437.o(.text)
    CAN1_RX1_IRQHandler                      0x080002df   Thumb Code     0  startup_at32f435_437.o(.text)
    CAN1_SE_IRQHandler                       0x080002df   Thumb Code     0  startup_at32f435_437.o(.text)
    CAN1_TX_IRQHandler                       0x080002df   Thumb Code     0  startup_at32f435_437.o(.text)
    CAN2_RX0_IRQHandler                      0x080002df   Thumb Code     0  startup_at32f435_437.o(.text)
    CAN2_RX1_IRQHandler                      0x080002df   Thumb Code     0  startup_at32f435_437.o(.text)
    CAN2_SE_IRQHandler                       0x080002df   Thumb Code     0  startup_at32f435_437.o(.text)
    CAN2_TX_IRQHandler                       0x080002df   Thumb Code     0  startup_at32f435_437.o(.text)
    CRM_IRQHandler                           0x080002df   Thumb Code     0  startup_at32f435_437.o(.text)
    DMA1_Channel1_IRQHandler                 0x080002df   Thumb Code     0  startup_at32f435_437.o(.text)
    DMA1_Channel2_IRQHandler                 0x080002df   Thumb Code     0  startup_at32f435_437.o(.text)
    DMA1_Channel3_IRQHandler                 0x080002df   Thumb Code     0  startup_at32f435_437.o(.text)
    DMA1_Channel4_IRQHandler                 0x080002df   Thumb Code     0  startup_at32f435_437.o(.text)
    DMA1_Channel5_IRQHandler                 0x080002df   Thumb Code     0  startup_at32f435_437.o(.text)
    DMA1_Channel6_IRQHandler                 0x080002df   Thumb Code     0  startup_at32f435_437.o(.text)
    DMA1_Channel7_IRQHandler                 0x080002df   Thumb Code     0  startup_at32f435_437.o(.text)
    DMA2_Channel1_IRQHandler                 0x080002df   Thumb Code     0  startup_at32f435_437.o(.text)
    DMA2_Channel2_IRQHandler                 0x080002df   Thumb Code     0  startup_at32f435_437.o(.text)
    DMA2_Channel3_IRQHandler                 0x080002df   Thumb Code     0  startup_at32f435_437.o(.text)
    DMA2_Channel4_IRQHandler                 0x080002df   Thumb Code     0  startup_at32f435_437.o(.text)
    DMA2_Channel5_IRQHandler                 0x080002df   Thumb Code     0  startup_at32f435_437.o(.text)
    DMA2_Channel6_IRQHandler                 0x080002df   Thumb Code     0  startup_at32f435_437.o(.text)
    DMA2_Channel7_IRQHandler                 0x080002df   Thumb Code     0  startup_at32f435_437.o(.text)
    DMAMUX_IRQHandler                        0x080002df   Thumb Code     0  startup_at32f435_437.o(.text)
    DVP_IRQHandler                           0x080002df   Thumb Code     0  startup_at32f435_437.o(.text)
    EDMA_Stream1_IRQHandler                  0x080002df   Thumb Code     0  startup_at32f435_437.o(.text)
    EDMA_Stream2_IRQHandler                  0x080002df   Thumb Code     0  startup_at32f435_437.o(.text)
    EDMA_Stream3_IRQHandler                  0x080002df   Thumb Code     0  startup_at32f435_437.o(.text)
    EDMA_Stream4_IRQHandler                  0x080002df   Thumb Code     0  startup_at32f435_437.o(.text)
    EDMA_Stream5_IRQHandler                  0x080002df   Thumb Code     0  startup_at32f435_437.o(.text)
    EDMA_Stream6_IRQHandler                  0x080002df   Thumb Code     0  startup_at32f435_437.o(.text)
    EDMA_Stream7_IRQHandler                  0x080002df   Thumb Code     0  startup_at32f435_437.o(.text)
    EDMA_Stream8_IRQHandler                  0x080002df   Thumb Code     0  startup_at32f435_437.o(.text)
    EMAC_IRQHandler                          0x080002df   Thumb Code     0  startup_at32f435_437.o(.text)
    EMAC_WKUP_IRQHandler                     0x080002df   Thumb Code     0  startup_at32f435_437.o(.text)
    ERTCAlarm_IRQHandler                     0x080002df   Thumb Code     0  startup_at32f435_437.o(.text)
    ERTC_WKUP_IRQHandler                     0x080002df   Thumb Code     0  startup_at32f435_437.o(.text)
    EXINT0_IRQHandler                        0x080002df   Thumb Code     0  startup_at32f435_437.o(.text)
    EXINT15_10_IRQHandler                    0x080002df   Thumb Code     0  startup_at32f435_437.o(.text)
    EXINT1_IRQHandler                        0x080002df   Thumb Code     0  startup_at32f435_437.o(.text)
    EXINT2_IRQHandler                        0x080002df   Thumb Code     0  startup_at32f435_437.o(.text)
    EXINT3_IRQHandler                        0x080002df   Thumb Code     0  startup_at32f435_437.o(.text)
    EXINT4_IRQHandler                        0x080002df   Thumb Code     0  startup_at32f435_437.o(.text)
    EXINT9_5_IRQHandler                      0x080002df   Thumb Code     0  startup_at32f435_437.o(.text)
    FLASH_IRQHandler                         0x080002df   Thumb Code     0  startup_at32f435_437.o(.text)
    FPU_IRQHandler                           0x080002df   Thumb Code     0  startup_at32f435_437.o(.text)
    I2C1_ERR_IRQHandler                      0x080002df   Thumb Code     0  startup_at32f435_437.o(.text)
    I2C1_EVT_IRQHandler                      0x080002df   Thumb Code     0  startup_at32f435_437.o(.text)
    I2C2_ERR_IRQHandler                      0x080002df   Thumb Code     0  startup_at32f435_437.o(.text)
    I2C2_EVT_IRQHandler                      0x080002df   Thumb Code     0  startup_at32f435_437.o(.text)
    I2C3_ERR_IRQHandler                      0x080002df   Thumb Code     0  startup_at32f435_437.o(.text)
    I2C3_EVT_IRQHandler                      0x080002df   Thumb Code     0  startup_at32f435_437.o(.text)
    OTGFS1_IRQHandler                        0x080002df   Thumb Code     0  startup_at32f435_437.o(.text)
    OTGFS1_WKUP_IRQHandler                   0x080002df   Thumb Code     0  startup_at32f435_437.o(.text)
    OTGFS2_IRQHandler                        0x080002df   Thumb Code     0  startup_at32f435_437.o(.text)
    OTGFS2_WKUP_IRQHandler                   0x080002df   Thumb Code     0  startup_at32f435_437.o(.text)
    PVM_IRQHandler                           0x080002df   Thumb Code     0  startup_at32f435_437.o(.text)
    QSPI1_IRQHandler                         0x080002df   Thumb Code     0  startup_at32f435_437.o(.text)
    QSPI2_IRQHandler                         0x080002df   Thumb Code     0  startup_at32f435_437.o(.text)
    SDIO1_IRQHandler                         0x080002df   Thumb Code     0  startup_at32f435_437.o(.text)
    SDIO2_IRQHandler                         0x080002df   Thumb Code     0  startup_at32f435_437.o(.text)
    SPI1_IRQHandler                          0x080002df   Thumb Code     0  startup_at32f435_437.o(.text)
    SPI2_I2S2EXT_IRQHandler                  0x080002df   Thumb Code     0  startup_at32f435_437.o(.text)
    SPI3_I2S3EXT_IRQHandler                  0x080002df   Thumb Code     0  startup_at32f435_437.o(.text)
    SPI4_IRQHandler                          0x080002df   Thumb Code     0  startup_at32f435_437.o(.text)
    TAMP_STAMP_IRQHandler                    0x080002df   Thumb Code     0  startup_at32f435_437.o(.text)
    TMR1_BRK_TMR9_IRQHandler                 0x080002df   Thumb Code     0  startup_at32f435_437.o(.text)
    TMR1_CH_IRQHandler                       0x080002df   Thumb Code     0  startup_at32f435_437.o(.text)
    TMR1_OVF_TMR10_IRQHandler                0x080002df   Thumb Code     0  startup_at32f435_437.o(.text)
    TMR1_TRG_HALL_TMR11_IRQHandler           0x080002df   Thumb Code     0  startup_at32f435_437.o(.text)
    TMR20_BRK_IRQHandler                     0x080002df   Thumb Code     0  startup_at32f435_437.o(.text)
    TMR20_CH_IRQHandler                      0x080002df   Thumb Code     0  startup_at32f435_437.o(.text)
    TMR20_OVF_IRQHandler                     0x080002df   Thumb Code     0  startup_at32f435_437.o(.text)
    TMR20_TRG_HALL_IRQHandler                0x080002df   Thumb Code     0  startup_at32f435_437.o(.text)
    TMR2_GLOBAL_IRQHandler                   0x080002df   Thumb Code     0  startup_at32f435_437.o(.text)
    TMR3_GLOBAL_IRQHandler                   0x080002df   Thumb Code     0  startup_at32f435_437.o(.text)
    TMR4_GLOBAL_IRQHandler                   0x080002df   Thumb Code     0  startup_at32f435_437.o(.text)
    TMR5_GLOBAL_IRQHandler                   0x080002df   Thumb Code     0  startup_at32f435_437.o(.text)
    TMR6_DAC_GLOBAL_IRQHandler               0x080002df   Thumb Code     0  startup_at32f435_437.o(.text)
    TMR7_GLOBAL_IRQHandler                   0x080002df   Thumb Code     0  startup_at32f435_437.o(.text)
    TMR8_BRK_TMR12_IRQHandler                0x080002df   Thumb Code     0  startup_at32f435_437.o(.text)
    TMR8_CH_IRQHandler                       0x080002df   Thumb Code     0  startup_at32f435_437.o(.text)
    TMR8_OVF_TMR13_IRQHandler                0x080002df   Thumb Code     0  startup_at32f435_437.o(.text)
    TMR8_TRG_HALL_TMR14_IRQHandler           0x080002df   Thumb Code     0  startup_at32f435_437.o(.text)
    UART4_IRQHandler                         0x080002df   Thumb Code     0  startup_at32f435_437.o(.text)
    UART5_IRQHandler                         0x080002df   Thumb Code     0  startup_at32f435_437.o(.text)
    UART7_IRQHandler                         0x080002df   Thumb Code     0  startup_at32f435_437.o(.text)
    UART8_IRQHandler                         0x080002df   Thumb Code     0  startup_at32f435_437.o(.text)
    USART1_IRQHandler                        0x080002df   Thumb Code     0  startup_at32f435_437.o(.text)
    USART2_IRQHandler                        0x080002df   Thumb Code     0  startup_at32f435_437.o(.text)
    USART3_IRQHandler                        0x080002df   Thumb Code     0  startup_at32f435_437.o(.text)
    USART6_IRQHandler                        0x080002df   Thumb Code     0  startup_at32f435_437.o(.text)
    WWDT_IRQHandler                          0x080002df   Thumb Code     0  startup_at32f435_437.o(.text)
    XMC_IRQHandler                           0x080002df   Thumb Code     0  startup_at32f435_437.o(.text)
    __user_initial_stackheap                 0x080002e1   Thumb Code     0  startup_at32f435_437.o(.text)
    __use_no_semihosting                     0x08000305   Thumb Code     2  use_no_semi_2.o(.text)
    __2printf                                0x08000309   Thumb Code    20  noretval__2printf.o(.text)
    __printf                                 0x08000321   Thumb Code   104  __printf.o(.text)
    __use_two_region_memory                  0x08000389   Thumb Code     2  heapauxi.o(.text)
    __rt_heap_escrow$2region                 0x0800038b   Thumb Code     2  heapauxi.o(.text)
    __rt_heap_expand$2region                 0x0800038d   Thumb Code     2  heapauxi.o(.text)
    __I$use$semihosting                      0x0800038f   Thumb Code     0  use_no_semi.o(.text)
    __use_no_semihosting_swi                 0x0800038f   Thumb Code     2  use_no_semi.o(.text)
    __read_errno                             0x08000391   Thumb Code    10  _rserrno.o(.text)
    __set_errno                              0x0800039b   Thumb Code    12  _rserrno.o(.text)
    _printf_fp_dec_real                      0x08000557   Thumb Code   620  _printf_fp_dec.o(.text)
    _printf_char_file                        0x080007c5   Thumb Code    32  _printf_char_file.o(.text)
    __rt_locale                              0x080007e9   Thumb Code     8  rt_locale_intlibspace.o(.text)
    __aeabi_errno_addr                       0x080007f1   Thumb Code     8  rt_errno_addr_intlibspace.o(.text)
    __errno$intlibspace                      0x080007f1   Thumb Code     0  rt_errno_addr_intlibspace.o(.text)
    __rt_errno_addr$intlibspace              0x080007f1   Thumb Code     0  rt_errno_addr_intlibspace.o(.text)
    _ll_udiv10                               0x080007f9   Thumb Code   138  lludiv10.o(.text)
    _printf_char_common                      0x0800088f   Thumb Code    32  _printf_char_common.o(.text)
    _printf_fp_infnan                        0x080008b5   Thumb Code   112  _printf_fp_infnan.o(.text)
    _btod_etento                             0x08000935   Thumb Code   224  bigflt0.o(.text)
    ferror                                   0x08000a19   Thumb Code     8  ferror.o(.text)
    __user_libspace                          0x08000a21   Thumb Code     8  libspace.o(.text)
    __user_perproc_libspace                  0x08000a21   Thumb Code     0  libspace.o(.text)
    __user_perthread_libspace                0x08000a21   Thumb Code     0  libspace.o(.text)
    __user_setup_stackheap                   0x08000a29   Thumb Code    74  sys_stackheap_outer.o(.text)
    exit                                     0x08000a73   Thumb Code    18  exit.o(.text)
    strcmp                                   0x08000a89   Thumb Code   124  strcmpv7em.o(.text)
    BusFault_Handler                         0x08000b05   Thumb Code     2  at32f435_437_int.o(.text.BusFault_Handler)
    DebugMon_Handler                         0x08000b09   Thumb Code     2  at32f435_437_int.o(.text.DebugMon_Handler)
    HardFault_Handler                        0x08000b0d   Thumb Code     2  at32f435_437_int.o(.text.HardFault_Handler)
    MemManage_Handler                        0x08000b11   Thumb Code     2  at32f435_437_int.o(.text.MemManage_Handler)
    NMI_Handler                              0x08000b15   Thumb Code     2  at32f435_437_int.o(.text.NMI_Handler)
    PendSV_Handler                           0x08000b19   Thumb Code     2  at32f435_437_int.o(.text.PendSV_Handler)
    SVC_Handler                              0x08000b1d   Thumb Code     2  at32f435_437_int.o(.text.SVC_Handler)
    SysTick_Handler                          0x08000b21   Thumb Code     2  at32f435_437_int.o(.text.SysTick_Handler)
    SystemInit                               0x08000b25   Thumb Code   104  system_at32f435_437.o(.text.SystemInit)
    UsageFault_Handler                       0x08000b8d   Thumb Code     2  at32f435_437_int.o(.text.UsageFault_Handler)
    _sys_exit                                0x08000b91   Thumb Code     2  at32f435_437_board.o(.text._sys_exit)
    arm_mat_mult_f32                         0x08000b95   Thumb Code   344  matrixfunctions.o(.text.arm_mat_mult_f32)
    arm_max_f32                              0x08000ced   Thumb Code   206  statisticsfunctions.o(.text.arm_max_f32)
    arm_mean_f32                             0x08000dbd   Thumb Code   128  statisticsfunctions.o(.text.arm_mean_f32)
    arm_min_f32                              0x08000e3d   Thumb Code   206  statisticsfunctions.o(.text.arm_min_f32)
    arm_std_f32                              0x08000f0d   Thumb Code    80  statisticsfunctions.o(.text.arm_std_f32)
    arm_var_f32                              0x08000f5d   Thumb Code   300  statisticsfunctions.o(.text.arm_var_f32)
    crm_ahb_div_set                          0x08001089   Thumb Code    26  at32f435_437_crm.o(.text.crm_ahb_div_set)
    crm_apb1_div_set                         0x080010a5   Thumb Code    26  at32f435_437_crm.o(.text.crm_apb1_div_set)
    crm_apb2_div_set                         0x080010c1   Thumb Code    26  at32f435_437_crm.o(.text.crm_apb2_div_set)
    crm_auto_step_mode_enable                0x080010dd   Thumb Code    26  at32f435_437_crm.o(.text.crm_auto_step_mode_enable)
    crm_clock_source_enable                  0x080010f9   Thumb Code   122  at32f435_437_crm.o(.text.crm_clock_source_enable)
    crm_clocks_freq_get                      0x08001175   Thumb Code   172  at32f435_437_crm.o(.text.crm_clocks_freq_get)
    crm_flag_get                             0x08001221   Thumb Code    26  at32f435_437_crm.o(.text.crm_flag_get)
    crm_hext_stable_wait                     0x0800123d   Thumb Code    40  at32f435_437_crm.o(.text.crm_hext_stable_wait)
    crm_periph_clock_enable                  0x08001265   Thumb Code    40  at32f435_437_crm.o(.text.crm_periph_clock_enable)
    crm_pll_config                           0x0800128d   Thumb Code    90  at32f435_437_crm.o(.text.crm_pll_config)
    crm_reset                                0x080012e9   Thumb Code    80  at32f435_437_crm.o(.text.crm_reset)
    crm_sysclk_switch                        0x08001339   Thumb Code    18  at32f435_437_crm.o(.text.crm_sysclk_switch)
    crm_sysclk_switch_status_get             0x0800134d   Thumb Code    16  at32f435_437_crm.o(.text.crm_sysclk_switch_status_get)
    fputc                                    0x0800135d   Thumb Code    36  at32f435_437_board.o(.text.fputc)
    gpio_default_para_init                   0x08001381   Thumb Code    14  at32f435_437_gpio.o(.text.gpio_default_para_init)
    gpio_init                                0x08001391   Thumb Code   132  at32f435_437_gpio.o(.text.gpio_init)
    gpio_pin_mux_config                      0x08001415   Thumb Code    46  at32f435_437_gpio.o(.text.gpio_pin_mux_config)
    main                                     0x08001445   Thumb Code   332  main.o(.text.main)
    system_clock_config                      0x08001591   Thumb Code   148  at32f435_437_clock.o(.text.system_clock_config)
    system_core_clock_update                 0x08001625   Thumb Code   140  system_at32f435_437.o(.text.system_core_clock_update)
    uart_print_init                          0x080016b1   Thumb Code   110  at32f435_437_board.o(.text.uart_print_init)
    usart_data_transmit                      0x08001721   Thumb Code     8  at32f435_437_usart.o(.text.usart_data_transmit)
    usart_enable                             0x08001729   Thumb Code    18  at32f435_437_usart.o(.text.usart_enable)
    usart_flag_get                           0x0800173d   Thumb Code    10  at32f435_437_usart.o(.text.usart_flag_get)
    usart_init                               0x08001749   Thumb Code   166  at32f435_437_usart.o(.text.usart_init)
    usart_transmitter_enable                 0x080017f1   Thumb Code    18  at32f435_437_usart.o(.text.usart_transmitter_enable)
    _btod_d2e                                0x08001803   Thumb Code    62  btod.o(CL$$btod_d2e)
    _d2e_denorm_low                          0x08001841   Thumb Code    70  btod.o(CL$$btod_d2e_denorm_low)
    _d2e_norm_op1                            0x08001887   Thumb Code    96  btod.o(CL$$btod_d2e_norm_op1)
    __btod_div_common                        0x080018e7   Thumb Code   696  btod.o(CL$$btod_div_common)
    _e2e                                     0x08001c1f   Thumb Code   220  btod.o(CL$$btod_e2e)
    _btod_ediv                               0x08001cfb   Thumb Code    42  btod.o(CL$$btod_ediv)
    _btod_emul                               0x08001d25   Thumb Code    42  btod.o(CL$$btod_emul)
    __btod_mult_common                       0x08001d4f   Thumb Code   580  btod.o(CL$$btod_mult_common)
    __ARM_fpclassify                         0x08001f93   Thumb Code    48  fpclassify.o(i.__ARM_fpclassify)
    __hardfp_sqrtf                           0x08001fc3   Thumb Code    58  sqrtf.o(i.__hardfp_sqrtf)
    _get_lc_numeric                          0x08001ffd   Thumb Code    44  lc_numeric_c.o(locale$$code)
    __fpl_dretinf                            0x08002029   Thumb Code    12  dretinf.o(x$fpl$dretinf)
    __aeabi_f2d                              0x08002035   Thumb Code     0  f2d.o(x$fpl$f2d)
    _f2d                                     0x08002035   Thumb Code    86  f2d.o(x$fpl$f2d)
    __fpl_fnaninf                            0x0800208b   Thumb Code   140  fnaninf.o(x$fpl$fnaninf)
    _fp_init                                 0x08002117   Thumb Code    26  fpinit.o(x$fpl$fpinit)
    __fplib_config_fpu_vfp                   0x0800212f   Thumb Code     0  fpinit.o(x$fpl$fpinit)
    __fplib_config_pureend_doubles           0x0800212f   Thumb Code     0  fpinit.o(x$fpl$fpinit)
    _printf_fp_dec                           0x08002131   Thumb Code     4  printf1.o(x$fpl$printf1)
    __I$use$fp                               0x08002134   Number         0  usenofp.o(x$fpl$usenofp)
    testMarks_f32                            0x080021e0   Data         320  main.o(.rodata.testMarks_f32)
    testUnity_f32                            0x08002320   Data          16  main.o(.rodata.testUnity_f32)
    Region$$Table$$Base                      0x08002330   Number         0  anon$$obj.o(Region$$Table)
    Region$$Table$$Limit                     0x08002350   Number         0  anon$$obj.o(Region$$Table)
    numStudents                              0x20000000   Data           4  main.o(.data.numStudents)
    system_core_clock                        0x20000004   Data           4  system_at32f435_437.o(.data.system_core_clock)
    __libspace_start                         0x20000008   Data          96  libspace.o(.bss)
    __stdout                                 0x20000068   Data          84  at32f435_437_board.o(.bss.__stdout)
    __temporary_stack_top$libspace           0x20000068   Data           0  libspace.o(.bss)
    max_marks                                0x200000bc   Data           4  main.o(.bss.max_marks)
    mean                                     0x200000c0   Data           4  main.o(.bss.mean)
    min_marks                                0x200000c4   Data           4  main.o(.bss.min_marks)
    std                                      0x200000c8   Data           4  main.o(.bss.std)
    student_num                              0x200000cc   Data           4  main.o(.bss.student_num)
    var                                      0x20000210   Data           4  main.o(.bss.var)



==============================================================================

Memory Map of the image

  Image Entry point : 0x0800020d

  Load Region LR_IROM1 (Base: 0x08000000, Size: 0x00002378, Max: 0x003f0000, ABSOLUTE)

    Execution Region ER_IROM1 (Exec base: 0x08000000, Load base: 0x08000000, Size: 0x0000236c, Max: 0x003f0000, ABSOLUTE)

    Exec Addr    Load Addr    Size         Type   Attr      Idx    E Section Name        Object

    0x08000000   0x08000000   0x0000020c   Data   RO          119    RESET               startup_at32f435_437.o
    0x0800020c   0x0800020c   0x00000008   Code   RO         1485  * !!!main             c_w.l(__main.o)
    0x08000214   0x08000214   0x00000034   Code   RO         1883    !!!scatter          c_w.l(__scatter.o)
    0x08000248   0x08000248   0x0000001a   Code   RO         1885    !!handler_copy      c_w.l(__scatter_copy.o)
    0x08000262   0x08000262   0x00000002   PAD
    0x08000264   0x08000264   0x0000001c   Code   RO         1887    !!handler_zi        c_w.l(__scatter_zi.o)
    0x08000280   0x08000280   0x00000000   Code   RO         1474    .ARM.Collect$$_printf_percent$$00000000  c_w.l(_printf_percent.o)
    0x08000280   0x08000280   0x00000006   Code   RO         1473    .ARM.Collect$$_printf_percent$$00000003  c_w.l(_printf_f.o)
    0x08000286   0x08000286   0x00000004   Code   RO         1612    .ARM.Collect$$_printf_percent$$00000017  c_w.l(_printf_percent_end.o)
    0x0800028a   0x0800028a   0x00000002   Code   RO         1758    .ARM.Collect$$libinit$$00000000  c_w.l(libinit.o)
    0x0800028c   0x0800028c   0x00000004   Code   RO         1759    .ARM.Collect$$libinit$$00000001  c_w.l(libinit2.o)
    0x08000290   0x08000290   0x00000000   Code   RO         1762    .ARM.Collect$$libinit$$00000004  c_w.l(libinit2.o)
    0x08000290   0x08000290   0x00000000   Code   RO         1765    .ARM.Collect$$libinit$$0000000A  c_w.l(libinit2.o)
    0x08000290   0x08000290   0x00000000   Code   RO         1767    .ARM.Collect$$libinit$$0000000C  c_w.l(libinit2.o)
    0x08000290   0x08000290   0x00000000   Code   RO         1769    .ARM.Collect$$libinit$$0000000E  c_w.l(libinit2.o)
    0x08000290   0x08000290   0x00000006   Code   RO         1770    .ARM.Collect$$libinit$$0000000F  c_w.l(libinit2.o)
    0x08000296   0x08000296   0x00000000   Code   RO         1772    .ARM.Collect$$libinit$$00000011  c_w.l(libinit2.o)
    0x08000296   0x08000296   0x00000000   Code   RO         1774    .ARM.Collect$$libinit$$00000013  c_w.l(libinit2.o)
    0x08000296   0x08000296   0x00000000   Code   RO         1776    .ARM.Collect$$libinit$$00000015  c_w.l(libinit2.o)
    0x08000296   0x08000296   0x0000000a   Code   RO         1777    .ARM.Collect$$libinit$$00000016  c_w.l(libinit2.o)
    0x080002a0   0x080002a0   0x00000000   Code   RO         1778    .ARM.Collect$$libinit$$00000017  c_w.l(libinit2.o)
    0x080002a0   0x080002a0   0x00000000   Code   RO         1780    .ARM.Collect$$libinit$$00000019  c_w.l(libinit2.o)
    0x080002a0   0x080002a0   0x00000000   Code   RO         1782    .ARM.Collect$$libinit$$0000001B  c_w.l(libinit2.o)
    0x080002a0   0x080002a0   0x00000000   Code   RO         1784    .ARM.Collect$$libinit$$0000001D  c_w.l(libinit2.o)
    0x080002a0   0x080002a0   0x00000000   Code   RO         1786    .ARM.Collect$$libinit$$0000001F  c_w.l(libinit2.o)
    0x080002a0   0x080002a0   0x00000000   Code   RO         1788    .ARM.Collect$$libinit$$00000021  c_w.l(libinit2.o)
    0x080002a0   0x080002a0   0x00000000   Code   RO         1790    .ARM.Collect$$libinit$$00000023  c_w.l(libinit2.o)
    0x080002a0   0x080002a0   0x00000000   Code   RO         1792    .ARM.Collect$$libinit$$00000025  c_w.l(libinit2.o)
    0x080002a0   0x080002a0   0x00000000   Code   RO         1796    .ARM.Collect$$libinit$$0000002C  c_w.l(libinit2.o)
    0x080002a0   0x080002a0   0x00000000   Code   RO         1798    .ARM.Collect$$libinit$$0000002E  c_w.l(libinit2.o)
    0x080002a0   0x080002a0   0x00000000   Code   RO         1800    .ARM.Collect$$libinit$$00000030  c_w.l(libinit2.o)
    0x080002a0   0x080002a0   0x00000000   Code   RO         1802    .ARM.Collect$$libinit$$00000032  c_w.l(libinit2.o)
    0x080002a0   0x080002a0   0x00000002   Code   RO         1803    .ARM.Collect$$libinit$$00000033  c_w.l(libinit2.o)
    0x080002a2   0x080002a2   0x00000002   Code   RO         1847    .ARM.Collect$$libshutdown$$00000000  c_w.l(libshutdown.o)
    0x080002a4   0x080002a4   0x00000000   Code   RO         1866    .ARM.Collect$$libshutdown$$00000002  c_w.l(libshutdown2.o)
    0x080002a4   0x080002a4   0x00000000   Code   RO         1868    .ARM.Collect$$libshutdown$$00000004  c_w.l(libshutdown2.o)
    0x080002a4   0x080002a4   0x00000000   Code   RO         1871    .ARM.Collect$$libshutdown$$00000007  c_w.l(libshutdown2.o)
    0x080002a4   0x080002a4   0x00000000   Code   RO         1874    .ARM.Collect$$libshutdown$$0000000A  c_w.l(libshutdown2.o)
    0x080002a4   0x080002a4   0x00000000   Code   RO         1876    .ARM.Collect$$libshutdown$$0000000C  c_w.l(libshutdown2.o)
    0x080002a4   0x080002a4   0x00000000   Code   RO         1879    .ARM.Collect$$libshutdown$$0000000F  c_w.l(libshutdown2.o)
    0x080002a4   0x080002a4   0x00000002   Code   RO         1880    .ARM.Collect$$libshutdown$$00000010  c_w.l(libshutdown2.o)
    0x080002a6   0x080002a6   0x00000000   Code   RO         1599    .ARM.Collect$$rtentry$$00000000  c_w.l(__rtentry.o)
    0x080002a6   0x080002a6   0x00000000   Code   RO         1666    .ARM.Collect$$rtentry$$00000002  c_w.l(__rtentry2.o)
    0x080002a6   0x080002a6   0x00000006   Code   RO         1678    .ARM.Collect$$rtentry$$00000004  c_w.l(__rtentry4.o)
    0x080002ac   0x080002ac   0x00000000   Code   RO         1668    .ARM.Collect$$rtentry$$00000009  c_w.l(__rtentry2.o)
    0x080002ac   0x080002ac   0x00000004   Code   RO         1669    .ARM.Collect$$rtentry$$0000000A  c_w.l(__rtentry2.o)
    0x080002b0   0x080002b0   0x00000000   Code   RO         1671    .ARM.Collect$$rtentry$$0000000C  c_w.l(__rtentry2.o)
    0x080002b0   0x080002b0   0x00000008   Code   RO         1672    .ARM.Collect$$rtentry$$0000000D  c_w.l(__rtentry2.o)
    0x080002b8   0x080002b8   0x00000002   Code   RO         1804    .ARM.Collect$$rtexit$$00000000  c_w.l(rtexit.o)
    0x080002ba   0x080002ba   0x00000000   Code   RO         1819    .ARM.Collect$$rtexit$$00000002  c_w.l(rtexit2.o)
    0x080002ba   0x080002ba   0x00000004   Code   RO         1820    .ARM.Collect$$rtexit$$00000003  c_w.l(rtexit2.o)
    0x080002be   0x080002be   0x00000006   Code   RO         1821    .ARM.Collect$$rtexit$$00000004  c_w.l(rtexit2.o)
    0x080002c4   0x080002c4   0x00000040   Code   RO          120    .text               startup_at32f435_437.o
    0x08000304   0x08000304   0x00000002   Code   RO         1441    .text               c_w.l(use_no_semi_2.o)
    0x08000306   0x08000306   0x00000002   PAD
    0x08000308   0x08000308   0x00000018   Code   RO         1449    .text               c_w.l(noretval__2printf.o)
    0x08000320   0x08000320   0x00000068   Code   RO         1451    .text               c_w.l(__printf.o)
    0x08000388   0x08000388   0x00000006   Code   RO         1483    .text               c_w.l(heapauxi.o)
    0x0800038e   0x0800038e   0x00000002   Code   RO         1597    .text               c_w.l(use_no_semi.o)
    0x08000390   0x08000390   0x00000016   Code   RO         1604    .text               c_w.l(_rserrno.o)
    0x080003a6   0x080003a6   0x0000041c   Code   RO         1606    .text               c_w.l(_printf_fp_dec.o)
    0x080007c2   0x080007c2   0x00000002   PAD
    0x080007c4   0x080007c4   0x00000024   Code   RO         1610    .text               c_w.l(_printf_char_file.o)
    0x080007e8   0x080007e8   0x00000008   Code   RO         1685    .text               c_w.l(rt_locale_intlibspace.o)
    0x080007f0   0x080007f0   0x00000008   Code   RO         1690    .text               c_w.l(rt_errno_addr_intlibspace.o)
    0x080007f8   0x080007f8   0x0000008a   Code   RO         1692    .text               c_w.l(lludiv10.o)
    0x08000882   0x08000882   0x00000002   PAD
    0x08000884   0x08000884   0x00000030   Code   RO         1694    .text               c_w.l(_printf_char_common.o)
    0x080008b4   0x080008b4   0x00000080   Code   RO         1696    .text               c_w.l(_printf_fp_infnan.o)
    0x08000934   0x08000934   0x000000e4   Code   RO         1698    .text               c_w.l(bigflt0.o)
    0x08000a18   0x08000a18   0x00000008   Code   RO         1725    .text               c_w.l(ferror.o)
    0x08000a20   0x08000a20   0x00000008   Code   RO         1736    .text               c_w.l(libspace.o)
    0x08000a28   0x08000a28   0x0000004a   Code   RO         1739    .text               c_w.l(sys_stackheap_outer.o)
    0x08000a72   0x08000a72   0x00000012   Code   RO         1745    .text               c_w.l(exit.o)
    0x08000a84   0x08000a84   0x00000004   PAD
    0x08000a88   0x08000a88   0x0000007c   Code   RO         1751    .text               c_w.l(strcmpv7em.o)
    0x08000b04   0x08000b04   0x00000002   Code   RO           31    .text.BusFault_Handler  at32f435_437_int.o
    0x08000b06   0x08000b06   0x00000002   PAD
    0x08000b08   0x08000b08   0x00000002   Code   RO           37    .text.DebugMon_Handler  at32f435_437_int.o
    0x08000b0a   0x08000b0a   0x00000002   PAD
    0x08000b0c   0x08000b0c   0x00000002   Code   RO           27    .text.HardFault_Handler  at32f435_437_int.o
    0x08000b0e   0x08000b0e   0x00000002   PAD
    0x08000b10   0x08000b10   0x00000002   Code   RO           29    .text.MemManage_Handler  at32f435_437_int.o
    0x08000b12   0x08000b12   0x00000002   PAD
    0x08000b14   0x08000b14   0x00000002   Code   RO           25    .text.NMI_Handler   at32f435_437_int.o
    0x08000b16   0x08000b16   0x00000002   PAD
    0x08000b18   0x08000b18   0x00000002   Code   RO           39    .text.PendSV_Handler  at32f435_437_int.o
    0x08000b1a   0x08000b1a   0x00000002   PAD
    0x08000b1c   0x08000b1c   0x00000002   Code   RO           35    .text.SVC_Handler   at32f435_437_int.o
    0x08000b1e   0x08000b1e   0x00000002   PAD
    0x08000b20   0x08000b20   0x00000002   Code   RO           41    .text.SysTick_Handler  at32f435_437_int.o
    0x08000b22   0x08000b22   0x00000002   PAD
    0x08000b24   0x08000b24   0x00000068   Code   RO          105    .text.SystemInit    system_at32f435_437.o
    0x08000b8c   0x08000b8c   0x00000002   Code   RO           33    .text.UsageFault_Handler  at32f435_437_int.o
    0x08000b8e   0x08000b8e   0x00000002   PAD
    0x08000b90   0x08000b90   0x00000002   Code   RO           58    .text._sys_exit     at32f435_437_board.o
    0x08000b92   0x08000b92   0x00000002   PAD
    0x08000b94   0x08000b94   0x00000158   Code   RO         1032    .text.arm_mat_mult_f32  matrixfunctions.o
    0x08000cec   0x08000cec   0x000000ce   Code   RO         1106    .text.arm_max_f32   statisticsfunctions.o
    0x08000dba   0x08000dba   0x00000002   PAD
    0x08000dbc   0x08000dbc   0x00000080   Code   RO         1116    .text.arm_mean_f32  statisticsfunctions.o
    0x08000e3c   0x08000e3c   0x000000ce   Code   RO         1124    .text.arm_min_f32   statisticsfunctions.o
    0x08000f0a   0x08000f0a   0x00000002   PAD
    0x08000f0c   0x08000f0c   0x00000050   Code   RO         1146    .text.arm_std_f32   statisticsfunctions.o
    0x08000f5c   0x08000f5c   0x0000012c   Code   RO         1148    .text.arm_var_f32   statisticsfunctions.o
    0x08001088   0x08001088   0x0000001a   Code   RO          155    .text.crm_ahb_div_set  at32f435_437_crm.o
    0x080010a2   0x080010a2   0x00000002   PAD
    0x080010a4   0x080010a4   0x0000001a   Code   RO          157    .text.crm_apb1_div_set  at32f435_437_crm.o
    0x080010be   0x080010be   0x00000002   PAD
    0x080010c0   0x080010c0   0x0000001a   Code   RO          159    .text.crm_apb2_div_set  at32f435_437_crm.o
    0x080010da   0x080010da   0x00000002   PAD
    0x080010dc   0x080010dc   0x0000001a   Code   RO          167    .text.crm_auto_step_mode_enable  at32f435_437_crm.o
    0x080010f6   0x080010f6   0x00000002   PAD
    0x080010f8   0x080010f8   0x0000007a   Code   RO          147    .text.crm_clock_source_enable  at32f435_437_crm.o
    0x08001172   0x08001172   0x00000002   PAD
    0x08001174   0x08001174   0x000000ac   Code   RO          183    .text.crm_clocks_freq_get  at32f435_437_crm.o
    0x08001220   0x08001220   0x0000001a   Code   RO          133    .text.crm_flag_get  at32f435_437_crm.o
    0x0800123a   0x0800123a   0x00000002   PAD
    0x0800123c   0x0800123c   0x00000028   Code   RO          135    .text.crm_hext_stable_wait  at32f435_437_crm.o
    0x08001264   0x08001264   0x00000028   Code   RO          141    .text.crm_periph_clock_enable  at32f435_437_crm.o
    0x0800128c   0x0800128c   0x0000005a   Code   RO          177    .text.crm_pll_config  at32f435_437_crm.o
    0x080012e6   0x080012e6   0x00000002   PAD
    0x080012e8   0x080012e8   0x00000050   Code   RO          127    .text.crm_reset     at32f435_437_crm.o
    0x08001338   0x08001338   0x00000012   Code   RO          179    .text.crm_sysclk_switch  at32f435_437_crm.o
    0x0800134a   0x0800134a   0x00000002   PAD
    0x0800134c   0x0800134c   0x00000010   Code   RO          181    .text.crm_sysclk_switch_status_get  at32f435_437_crm.o
    0x0800135c   0x0800135c   0x00000024   Code   RO           62    .text.fputc         at32f435_437_board.o
    0x08001380   0x08001380   0x0000000e   Code   RO          209    .text.gpio_default_para_init  at32f435_437_gpio.o
    0x0800138e   0x0800138e   0x00000002   PAD
    0x08001390   0x08001390   0x00000084   Code   RO          207    .text.gpio_init     at32f435_437_gpio.o
    0x08001414   0x08001414   0x0000002e   Code   RO          231    .text.gpio_pin_mux_config  at32f435_437_gpio.o
    0x08001442   0x08001442   0x00000002   PAD
    0x08001444   0x08001444   0x0000014c   Code   RO            2    .text.main          main.o
    0x08001590   0x08001590   0x00000094   Code   RO           50    .text.system_clock_config  at32f435_437_clock.o
    0x08001624   0x08001624   0x0000008c   Code   RO          107    .text.system_core_clock_update  system_at32f435_437.o
    0x080016b0   0x080016b0   0x0000006e   Code   RO           64    .text.uart_print_init  at32f435_437_board.o
    0x0800171e   0x0800171e   0x00000002   PAD
    0x08001720   0x08001720   0x00000008   Code   RO          309    .text.usart_data_transmit  at32f435_437_usart.o
    0x08001728   0x08001728   0x00000012   Code   RO          283    .text.usart_enable  at32f435_437_usart.o
    0x0800173a   0x0800173a   0x00000002   PAD
    0x0800173c   0x0800173c   0x0000000a   Code   RO          331    .text.usart_flag_get  at32f435_437_usart.o
    0x08001746   0x08001746   0x00000002   PAD
    0x08001748   0x08001748   0x000000a6   Code   RO          279    .text.usart_init    at32f435_437_usart.o
    0x080017ee   0x080017ee   0x00000002   PAD
    0x080017f0   0x080017f0   0x00000012   Code   RO          285    .text.usart_transmitter_enable  at32f435_437_usart.o
    0x08001802   0x08001802   0x0000003e   Code   RO         1701    CL$$btod_d2e        c_w.l(btod.o)
    0x08001840   0x08001840   0x00000046   Code   RO         1703    CL$$btod_d2e_denorm_low  c_w.l(btod.o)
    0x08001886   0x08001886   0x00000060   Code   RO         1702    CL$$btod_d2e_norm_op1  c_w.l(btod.o)
    0x080018e6   0x080018e6   0x00000338   Code   RO         1711    CL$$btod_div_common  c_w.l(btod.o)
    0x08001c1e   0x08001c1e   0x000000dc   Code   RO         1708    CL$$btod_e2e        c_w.l(btod.o)
    0x08001cfa   0x08001cfa   0x0000002a   Code   RO         1705    CL$$btod_ediv       c_w.l(btod.o)
    0x08001d24   0x08001d24   0x0000002a   Code   RO         1704    CL$$btod_emul       c_w.l(btod.o)
    0x08001d4e   0x08001d4e   0x00000244   Code   RO         1710    CL$$btod_mult_common  c_w.l(btod.o)
    0x08001f92   0x08001f92   0x00000030   Code   RO         1734    i.__ARM_fpclassify  m_wm.l(fpclassify.o)
    0x08001fc2   0x08001fc2   0x0000003a   Code   RO         1573    i.__hardfp_sqrtf    m_wm.l(sqrtf.o)
    0x08001ffc   0x08001ffc   0x0000002c   Code   RO         1730    locale$$code        c_w.l(lc_numeric_c.o)
    0x08002028   0x08002028   0x0000000c   Code   RO         1623    x$fpl$dretinf       fz_wm.l(dretinf.o)
    0x08002034   0x08002034   0x00000056   Code   RO         1509    x$fpl$f2d           fz_wm.l(f2d.o)
    0x0800208a   0x0800208a   0x0000008c   Code   RO         1625    x$fpl$fnaninf       fz_wm.l(fnaninf.o)
    0x08002116   0x08002116   0x0000001a   Code   RO         1816    x$fpl$fpinit        fz_wm.l(fpinit.o)
    0x08002130   0x08002130   0x00000004   Code   RO         1515    x$fpl$printf1       fz_wm.l(printf1.o)
    0x08002134   0x08002134   0x00000000   Code   RO         1631    x$fpl$usenofp       fz_wm.l(usenofp.o)
    0x08002134   0x08002134   0x00000094   Data   RO         1699    .constdata          c_w.l(bigflt0.o)
    0x080021c8   0x080021c8   0x00000008   Data   RO           11    .rodata..L__const.main.dstC  main.o
    0x080021d0   0x080021d0   0x00000008   Data   RO            8    .rodata..L__const.main.srcA  main.o
    0x080021d8   0x080021d8   0x00000008   Data   RO            9    .rodata..L__const.main.srcB  main.o
    0x080021e0   0x080021e0   0x00000140   Data   RO            4    .rodata.testMarks_f32  main.o
    0x08002320   0x08002320   0x00000010   Data   RO            5    .rodata.testUnity_f32  main.o
    0x08002330   0x08002330   0x00000020   Data   RO         1882    Region$$Table       anon$$obj.o
    0x08002350   0x08002350   0x0000001c   Data   RO         1729    locale$$data        c_w.l(lc_numeric_c.o)


    Execution Region RW_IRAM1 (Exec base: 0x20000000, Load base: 0x08002370, Size: 0x00000818, Max: 0x00060000, ABSOLUTE)

    Exec Addr    Load Addr    Size         Type   Attr      Idx    E Section Name        Object

    0x20000000   0x08002370   0x00000004   Data   RW            6    .data.numStudents   main.o
    0x20000004   0x08002374   0x00000004   Data   RW          109    .data.system_core_clock  system_at32f435_437.o
    0x20000008        -       0x00000060   Zero   RW         1737    .bss                c_w.l(libspace.o)
    0x20000068        -       0x00000054   Zero   RW           96    .bss.__stdout       at32f435_437_board.o
    0x200000bc        -       0x00000004   Zero   RW           12    .bss.max_marks      main.o
    0x200000c0        -       0x00000004   Zero   RW           15    .bss.mean           main.o
    0x200000c4        -       0x00000004   Zero   RW           14    .bss.min_marks      main.o
    0x200000c8        -       0x00000004   Zero   RW           16    .bss.std            main.o
    0x200000cc        -       0x00000004   Zero   RW           13    .bss.student_num    main.o
    0x200000d0        -       0x00000140   Zero   RW           10    .bss.testOutput     main.o
    0x20000210        -       0x00000004   Zero   RW           17    .bss.var            main.o
    0x20000214   0x08002378   0x00000004   PAD
    0x20000218        -       0x00000200   Zero   RW          118    HEAP                startup_at32f435_437.o
    0x20000418        -       0x00000400   Zero   RW          117    STACK               startup_at32f435_437.o


==============================================================================

Image component sizes


      Code (inc. data)   RO Data    RW Data    ZI Data      Debug   Object Name

       148          0          0          0         84      14950   at32f435_437_board.o
       148          0          0          0          0       8560   at32f435_437_clock.o
       708         38          0          0          0      28145   at32f435_437_crm.o
       192          0          0          0          0      12061   at32f435_437_gpio.o
        18          0          0          0          0       1082   at32f435_437_int.o
       220          0          0          0          0      12663   at32f435_437_usart.o
       332         64        360          4        344       1461   main.o
       344          4          0          0          0      43566   matrixfunctions.o
        64         26        524          0       1536       1044   startup_at32f435_437.o
       920         12          0          0          0      23010   statisticsfunctions.o
       244         24          0          4          0      11832   system_at32f435_437.o

    ----------------------------------------------------------------------
      3390        168        916          8       1968     158374   Object Totals
         0          0         32          0          0          0   (incl. Generated)
        52          0          0          0          4          0   (incl. Padding)

    ----------------------------------------------------------------------

      Code (inc. data)   RO Data    RW Data    ZI Data      Debug   Library Member Name

         8          0          0          0          0         68   __main.o
       104          0          0          0          0         84   __printf.o
         0          0          0          0          0          0   __rtentry.o
        12          0          0          0          0          0   __rtentry2.o
         6          0          0          0          0          0   __rtentry4.o
        52          8          0          0          0          0   __scatter.o
        26          0          0          0          0          0   __scatter_copy.o
        28          0          0          0          0          0   __scatter_zi.o
        48          6          0          0          0         96   _printf_char_common.o
        36          4          0          0          0         80   _printf_char_file.o
         6          0          0          0          0          0   _printf_f.o
      1052          0          0          0          0        148   _printf_fp_dec.o
       128         16          0          0          0         84   _printf_fp_infnan.o
         0          0          0          0          0          0   _printf_percent.o
         4          0          0          0          0          0   _printf_percent_end.o
        22          0          0          0          0        100   _rserrno.o
       228          4        148          0          0         96   bigflt0.o
      1936        128          0          0          0        672   btod.o
        18          0          0          0          0         80   exit.o
         8          0          0          0          0         68   ferror.o
         6          0          0          0          0        152   heapauxi.o
        44         10         28          0          0         76   lc_numeric_c.o
         2          0          0          0          0          0   libinit.o
        22          0          0          0          0          0   libinit2.o
         2          0          0          0          0          0   libshutdown.o
         2          0          0          0          0          0   libshutdown2.o
         8          4          0          0         96         68   libspace.o
       138          0          0          0          0         80   lludiv10.o
        24          4          0          0          0         84   noretval__2printf.o
         8          4          0          0          0         68   rt_errno_addr_intlibspace.o
         8          4          0          0          0         68   rt_locale_intlibspace.o
         2          0          0          0          0          0   rtexit.o
        10          0          0          0          0          0   rtexit2.o
       124          0          0          0          0         88   strcmpv7em.o
        74          0          0          0          0         80   sys_stackheap_outer.o
         2          0          0          0          0         68   use_no_semi.o
         2          0          0          0          0         68   use_no_semi_2.o
        12          0          0          0          0        116   dretinf.o
        86          4          0          0          0        132   f2d.o
       140          4          0          0          0        132   fnaninf.o
        26          0          0          0          0        116   fpinit.o
         4          0          0          0          0        116   printf1.o
         0          0          0          0          0          0   usenofp.o
        48          0          0          0          0        124   fpclassify.o
        58          0          0          0          0        136   sqrtf.o

    ----------------------------------------------------------------------
      4586        200        176          0         96       3348   Library Totals
        12          0          0          0          0          0   (incl. Padding)

    ----------------------------------------------------------------------

      Code (inc. data)   RO Data    RW Data    ZI Data      Debug   Library Name

      4200        192        176          0         96       2476   c_w.l
       268          8          0          0          0        612   fz_wm.l
       106          0          0          0          0        260   m_wm.l

    ----------------------------------------------------------------------
      4586        200        176          0         96       3348   Library Totals

    ----------------------------------------------------------------------

==============================================================================


      Code (inc. data)   RO Data    RW Data    ZI Data      Debug   

      7976        368       1092          8       2064     159778   Grand Totals
      7976        368       1092          8       2064     159778   ELF Image Totals
      7976        368       1092          8          0          0   ROM Totals

==============================================================================

    Total RO  Size (Code + RO Data)                 9068 (   8.86kB)
    Total RW  Size (RW Data + ZI Data)              2072 (   2.02kB)
    Total ROM Size (Code + RO Data + RW Data)       9076 (   8.86kB)

==============================================================================

