<html>
<body>
<pre>
<h1>µVision Build Log</h1>
<h2>Tool Versions:</h2>
IDE-Version: ¦ÌVision V5.36.0.0
Copyright (C) 2021 ARM Ltd and ARM Germany GmbH. All rights reserved.
License Information: ATK ATK, ATK, LIC=WHYH9-49PHK-74XS0-BHWL1-YISFU-3H549
 
Tool Versions:
Toolchain:       MDK-ARM Plus  Version: 5.36.0.0
Toolchain Path:  C:\Keil_v5\ARM\ARMCLANG\Bin
C Compiler:      ArmClang.exe V6.16
Assembler:       Armasm.exe V6.16
Linker/Locator:  ArmLink.exe V6.16
Library Manager: ArmAr.exe V6.16
Hex Converter:   FromElf.exe V6.16
CPU DLL:         SARMCM3.DLL V5.36.0.0
Dialog DLL:      DCM.DLL V1.17.3.0
Target DLL:      UL2CM3.DLL V1.164.0.0
Dialog DLL:      TCM.DLL V1.53.0.0
 
<h2>Project:</h2>
D:\WorkSrc\BSPs_PACKs\package_shell\AT32F435_437_Firmware_Library_V2.1.1\project\at_start_f435\examples\cortex_m4\cmsis_dsp\mdk_v5\cmsis_dsp.uvprojx
Project File Date:  11/17/2022

<h2>Output:</h2>
*** Using Compiler 'V6.16', folder: 'C:\Keil_v5\ARM\ARMCLANG\Bin'
Build target 'cmsis_dsp'
compiling at32f435_437_clock.c...
compiling at32f435_437_int.c...
compiling main.c...
assembling startup_at32f435_437.s...
compiling system_at32f435_437.c...
compiling at32f435_437_board.c...
compiling at32f435_437_crm.c...
compiling at32f435_437_gpio.c...
compiling at32f435_437_misc.c...
compiling at32f435_437_usart.c...
compiling BayesFunctions.c...
compiling BasicMathFunctions.c...
compiling ComplexMathFunctions.c...
compiling ControllerFunctions.c...
compiling DistanceFunctions.c...
compiling FastMathFunctions.c...
compiling CommonTables.c...
compiling SVMFunctions.c...
compiling MatrixFunctions.c...
compiling StatisticsFunctions.c...
compiling SupportFunctions.c...
compiling TransformFunctions.c...
compiling FilteringFunctions.c...
linking...
Program Size: Code=7952 RO-data=1092 RW-data=8 ZI-data=2064  
FromELF: creating hex file...
".\Objects\cmsis_dsp.axf" - 0 Error(s), 0 Warning(s).

<h2>Software Packages used:</h2>

Package Vendor: ArteryTek
                
                ArteryTek.AT32F435_437_DFP.2.1.0
                ArteryTek AT32F4 Series Device Support,Drivers

<h2>Collection of Component include folders:</h2>
  C:\Users\Arm\Packs\ArteryTek\AT32F435_437_DFP\2.1.0\Device\Include

<h2>Collection of Component Files used:</h2>
Build Time Elapsed:  00:00:07
</pre>
</body>
</html>
